Archive member included to satisfy reference by file (symbol)

c:/siliconlabs/simplicitystudio/v4/developer/toolchains/gnu_arm/7.2_2017q4/bin/../lib/gcc/arm-none-eabi/7.2.1/thumb/v7e-m/fpv4-sp/softfp\libgcc.a(_arm_addsubdf3.o)
                              ./src/Source_Files/SI7021.o (__aeabi_dsub)
c:/siliconlabs/simplicitystudio/v4/developer/toolchains/gnu_arm/7.2_2017q4/bin/../lib/gcc/arm-none-eabi/7.2.1/thumb/v7e-m/fpv4-sp/softfp\libgcc.a(_arm_muldivdf3.o)
                              ./src/Source_Files/SI7021.o (__aeabi_dmul)
c:/siliconlabs/simplicitystudio/v4/developer/toolchains/gnu_arm/7.2_2017q4/bin/../lib/gcc/arm-none-eabi/7.2.1/thumb/v7e-m/fpv4-sp/softfp\libgcc.a(_arm_truncdfsf2.o)
                              ./src/Source_Files/SI7021.o (__aeabi_d2f)
c:/siliconlabs/simplicitystudio/v4/developer/toolchains/gnu_arm/7.2_2017q4/bin/../lib/gcc/arm-none-eabi/7.2.1/thumb/v7e-m/fpv4-sp/softfp\libgcc.a(_aeabi_ldivmod.o)
                              ./emlib/em_usart.o (__aeabi_ldivmod)
c:/siliconlabs/simplicitystudio/v4/developer/toolchains/gnu_arm/7.2_2017q4/bin/../lib/gcc/arm-none-eabi/7.2.1/thumb/v7e-m/fpv4-sp/softfp\libgcc.a(_aeabi_uldivmod.o)
                              ./emlib/em_usart.o (__aeabi_uldivmod)
c:/siliconlabs/simplicitystudio/v4/developer/toolchains/gnu_arm/7.2_2017q4/bin/../lib/gcc/arm-none-eabi/7.2.1/thumb/v7e-m/fpv4-sp/softfp\libgcc.a(_udivmoddi4.o)
                              c:/siliconlabs/simplicitystudio/v4/developer/toolchains/gnu_arm/7.2_2017q4/bin/../lib/gcc/arm-none-eabi/7.2.1/thumb/v7e-m/fpv4-sp/softfp\libgcc.a(_aeabi_ldivmod.o) (__udivmoddi4)
c:/siliconlabs/simplicitystudio/v4/developer/toolchains/gnu_arm/7.2_2017q4/bin/../lib/gcc/arm-none-eabi/7.2.1/thumb/v7e-m/fpv4-sp/softfp\libgcc.a(_dvmd_tls.o)
                              c:/siliconlabs/simplicitystudio/v4/developer/toolchains/gnu_arm/7.2_2017q4/bin/../lib/gcc/arm-none-eabi/7.2.1/thumb/v7e-m/fpv4-sp/softfp\libgcc.a(_aeabi_ldivmod.o) (__aeabi_ldiv0)
c:/siliconlabs/simplicitystudio/v4/developer/toolchains/gnu_arm/7.2_2017q4/bin/../lib/gcc/arm-none-eabi/7.2.1/../../../../arm-none-eabi/lib/thumb/v7e-m/fpv4-sp/softfp\libc_nano.a(lib_a-abs.o)
                              ./src/Source_Files/ble.o (abs)
c:/siliconlabs/simplicitystudio/v4/developer/toolchains/gnu_arm/7.2_2017q4/bin/../lib/gcc/arm-none-eabi/7.2.1/../../../../arm-none-eabi/lib/thumb/v7e-m/fpv4-sp/softfp\libc_nano.a(lib_a-exit.o)
                              c:/siliconlabs/simplicitystudio/v4/developer/toolchains/gnu_arm/7.2_2017q4/bin/../lib/gcc/arm-none-eabi/7.2.1/../../../../arm-none-eabi/lib/thumb/v7e-m/fpv4-sp/softfp/crt0.o (exit)
c:/siliconlabs/simplicitystudio/v4/developer/toolchains/gnu_arm/7.2_2017q4/bin/../lib/gcc/arm-none-eabi/7.2.1/../../../../arm-none-eabi/lib/thumb/v7e-m/fpv4-sp/softfp\libc_nano.a(lib_a-impure.o)
                              c:/siliconlabs/simplicitystudio/v4/developer/toolchains/gnu_arm/7.2_2017q4/bin/../lib/gcc/arm-none-eabi/7.2.1/../../../../arm-none-eabi/lib/thumb/v7e-m/fpv4-sp/softfp\libc_nano.a(lib_a-exit.o) (_global_impure_ptr)
c:/siliconlabs/simplicitystudio/v4/developer/toolchains/gnu_arm/7.2_2017q4/bin/../lib/gcc/arm-none-eabi/7.2.1/../../../../arm-none-eabi/lib/thumb/v7e-m/fpv4-sp/softfp\libc_nano.a(lib_a-init.o)
                              c:/siliconlabs/simplicitystudio/v4/developer/toolchains/gnu_arm/7.2_2017q4/bin/../lib/gcc/arm-none-eabi/7.2.1/../../../../arm-none-eabi/lib/thumb/v7e-m/fpv4-sp/softfp/crt0.o (__libc_init_array)
c:/siliconlabs/simplicitystudio/v4/developer/toolchains/gnu_arm/7.2_2017q4/bin/../lib/gcc/arm-none-eabi/7.2.1/../../../../arm-none-eabi/lib/thumb/v7e-m/fpv4-sp/softfp\libc_nano.a(lib_a-memcpy-stub.o)
                              ./emlib/em_crypto.o (memcpy)
c:/siliconlabs/simplicitystudio/v4/developer/toolchains/gnu_arm/7.2_2017q4/bin/../lib/gcc/arm-none-eabi/7.2.1/../../../../arm-none-eabi/lib/thumb/v7e-m/fpv4-sp/softfp\libc_nano.a(lib_a-memset.o)
                              c:/siliconlabs/simplicitystudio/v4/developer/toolchains/gnu_arm/7.2_2017q4/bin/../lib/gcc/arm-none-eabi/7.2.1/../../../../arm-none-eabi/lib/thumb/v7e-m/fpv4-sp/softfp/crt0.o (memset)
c:/siliconlabs/simplicitystudio/v4/developer/toolchains/gnu_arm/7.2_2017q4/bin/../lib/gcc/arm-none-eabi/7.2.1/../../../../arm-none-eabi/lib/thumb/v7e-m/fpv4-sp/softfp\libc_nano.a(lib_a-nano-vfprintf_float.o)
                              (_printf_float)
c:/siliconlabs/simplicitystudio/v4/developer/toolchains/gnu_arm/7.2_2017q4/bin/../lib/gcc/arm-none-eabi/7.2.1/../../../../arm-none-eabi/lib/thumb/v7e-m/fpv4-sp/softfp\libc_nano.a(lib_a-nano-vfprintf_i.o)
                              c:/siliconlabs/simplicitystudio/v4/developer/toolchains/gnu_arm/7.2_2017q4/bin/../lib/gcc/arm-none-eabi/7.2.1/../../../../arm-none-eabi/lib/thumb/v7e-m/fpv4-sp/softfp\libc_nano.a(lib_a-nano-vfprintf_float.o) (_printf_common)
[...]
Memory Configuration

Name             Origin             Length             Attributes
FLASH            0x00000000         0x00100000         xr
RAM              0x20000000         0x00040000         xrw
*default*        0x00000000         0xffffffff

Linker script and memory map

LOAD c:/siliconlabs/simplicitystudio/v4/developer/toolchains/gnu_arm/7.2_2017q4/bin/../lib/gcc/arm-none-eabi/7.2.1/thumb/v7e-m/fpv4-sp/softfp/crti.o
LOAD c:/siliconlabs/simplicitystudio/v4/developer/toolchains/gnu_arm/7.2_2017q4/bin/../lib/gcc/arm-none-eabi/7.2.1/thumb/v7e-m/fpv4-sp/softfp/crtbegin.o
LOAD c:/siliconlabs/simplicitystudio/v4/developer/toolchains/gnu_arm/7.2_2017q4/bin/../lib/gcc/arm-none-eabi/7.2.1/../../../../arm-none-eabi/lib/thumb/v7e-m/fpv4-sp/softfp/crt0.o
LOAD ./CMSIS/EFM32PG12B/startup_gcc_efm32pg12b.o
LOAD ./CMSIS/EFM32PG12B/system_efm32pg12b.o
LOAD ./emlib/em_acmp.o
LOAD ./emlib/em_adc.o
LOAD ./emlib/em_aes.o
LOAD ./emlib/em_assert.o
LOAD ./emlib/em_burtc.o
LOAD ./emlib/em_can.o
LOAD ./emlib/em_cmu.o
LOAD ./emlib/em_core.o
LOAD ./emlib/em_cryotimer.o
LOAD ./emlib/em_crypto.o
LOAD ./emlib/em_csen.o
LOAD ./emlib/em_dac.o
LOAD ./emlib/em_dbg.o
LOAD ./emlib/em_dma.o
LOAD ./emlib/em_ebi.o
LOAD ./emlib/em_emu.o
LOAD ./emlib/em_eusart.o
LOAD ./emlib/em_gpcrc.o
LOAD ./emlib/em_gpio.o
LOAD ./emlib/em_i2c.o
LOAD ./emlib/em_iadc.o
LOAD ./emlib/em_idac.o
LOAD ./emlib/em_int.o
LOAD ./emlib/em_lcd.o
LOAD ./emlib/em_ldma.o
LOAD ./emlib/em_lesense.o
LOAD ./emlib/em_letimer.o
LOAD ./emlib/em_leuart.o
LOAD ./emlib/em_mpu.o
LOAD ./emlib/em_msc.o
LOAD ./emlib/em_opamp.o
LOAD ./emlib/em_pcnt.o
LOAD ./emlib/em_pdm.o
LOAD ./emlib/em_prs.o
LOAD ./emlib/em_qspi.o
LOAD ./emlib/em_rmu.o
LOAD ./emlib/em_rtc.o
LOAD ./emlib/em_rtcc.o
LOAD ./emlib/em_se.o
LOAD ./emlib/em_system.o
LOAD ./emlib/em_timer.o
LOAD ./emlib/em_usart.o
LOAD ./emlib/em_vcmp.o
LOAD ./emlib/em_vdac.o
LOAD ./emlib/em_wdog.o
LOAD ./src/Source_Files/HW_Delay.o
LOAD ./src/Source_Files/SI7021.o
LOAD ./src/Source_Files/app.o
LOAD ./src/Source_Files/ble.o
LOAD ./src/Source_Files/cmu.o
LOAD ./src/Source_Files/gpio.o
LOAD ./src/Source_Files/i2c.o
LOAD ./src/Source_Files/letimer.o
LOAD ./src/Source_Files/leuart.o
LOAD ./src/Source_Files/scheduler.o
LOAD ./src/Source_Files/sleep_routines.o
LOAD ./src/main.o
START GROUP
LOAD c:/siliconlabs/simplicitystudio/v4/developer/toolchains/gnu_arm/7.2_2017q4/bin/../lib/gcc/arm-none-eabi/7.2.1/thumb/v7e-m/fpv4-sp/softfp\libgcc.a
LOAD c:/siliconlabs/simplicitystudio/v4/developer/toolchains/gnu_arm/7.2_2017q4/bin/../lib/gcc/arm-none-eabi/7.2.1/../../../../arm-none-eabi/lib/thumb/v7e-m/fpv4-sp/softfp\libc_nano.a
LOAD c:/siliconlabs/simplicitystudio/v4/developer/toolchains/gnu_arm/7.2_2017q4/bin/../lib/gcc/arm-none-eabi/7.2.1/../../../../arm-none-eabi/lib/thumb/v7e-m/fpv4-sp/softfp\libnosys.a
END GROUP
START GROUP
LOAD c:/siliconlabs/simplicitystudio/v4/developer/toolchains/gnu_arm/7.2_2017q4/bin/../lib/gcc/arm-none-eabi/7.2.1/thumb/v7e-m/fpv4-sp/softfp\libgcc.a
LOAD c:/siliconlabs/simplicitystudio/v4/developer/toolchains/gnu_arm/7.2_2017q4/bin/../lib/gcc/arm-none-eabi/7.2.1/../../../../arm-none-eabi/lib/thumb/v7e-m/fpv4-sp/softfp\libg_nano.a
LOAD c:/siliconlabs/simplicitystudio/v4/developer/toolchains/gnu_arm/7.2_2017q4/bin/../lib/gcc/arm-none-eabi/7.2.1/../../../../arm-none-eabi/lib/thumb/v7e-m/fpv4-sp/softfp\libc_nano.a
END GROUP
START GROUP
LOAD c:/siliconlabs/simplicitystudio/v4/developer/toolchains/gnu_arm/7.2_2017q4/bin/../lib/gcc/arm-none-eabi/7.2.1/thumb/v7e-m/fpv4-sp/softfp\libgcc.a
LOAD c:/siliconlabs/simplicitystudio/v4/developer/toolchains/gnu_arm/7.2_2017q4/bin/../lib/gcc/arm-none-eabi/7.2.1/../../../../arm-none-eabi/lib/thumb/v7e-m/fpv4-sp/softfp\libc_nano.a
END GROUP
LOAD c:/siliconlabs/simplicitystudio/v4/developer/toolchains/gnu_arm/7.2_2017q4/bin/../lib/gcc/arm-none-eabi/7.2.1/thumb/v7e-m/fpv4-sp/softfp/crtend.o
LOAD c:/siliconlabs/simplicitystudio/v4/developer/toolchains/gnu_arm/7.2_2017q4/bin/../lib/gcc/arm-none-eabi/7.2.1/thumb/v7e-m/fpv4-sp/softfp/crtn.o

.text           0x00000000     0x6c2c
 *(.vectors)
 .vectors       0x00000000      0x10c ./CMSIS/EFM32PG12B/startup_gcc_efm32pg12b.o
                0x00000000                __Vectors
                0x0000010c                __Vectors_End = .
                0x0000010c                __Vectors_Size = (__Vectors_End - __Vectors)
                0x0000010c                __end__ = .
 *(.text*)
 .text          0x0000010c       0x40 c:/siliconlabs/simplicitystudio/v4/developer/toolchains/gnu_arm/7.2_2017q4/bin/../lib/gcc/arm-none-eabi/7.2.1/thumb/v7e-m/fpv4-sp/softfp/crtbegin.o
 .text          0x0000014c       0x74 c:/siliconlabs/simplicitystudio/v4/developer/toolchains/gnu_arm/7.2_2017q4/bin/../lib/gcc/arm-none-eabi/7.2.1/../../../../arm-none-eabi/lib/thumb/v7e-m/fpv4-sp/softfp/crt0.o
                0x0000014c                _start
                0x0000014c                _mainCRTStartup
 .text          0x000001c0       0x30 ./CMSIS/EFM32PG12B/startup_gcc_efm32pg12b.o
                0x000001c0                Reset_Handler
                0x000001ec                USART0_TX_IRQHandler
                0x000001ec                HardFault_Handler
                0x000001ec                SysTick_Handler
                0x000001ec                USART1_RX_IRQHandler
                0x000001ec                PendSV_Handler
                0x000001ec                NMI_Handler
                0x000001ec                WTIMER0_IRQHandler
                0x000001ec                CRYPTO0_IRQHandler
                0x000001ec                WDOG0_IRQHandler
                0x000001ec                USART1_TX_IRQHandler
                0x000001ec                SMU_IRQHandler
                0x000001ec                MSC_IRQHandler
                0x000001ec                ADC0_IRQHandler
                0x000001ec                UsageFault_Handler
                0x000001ec                WDOG1_IRQHandler
                0x000001ec                FPUEH_IRQHandler
                0x000001ec                WTIMER1_IRQHandler
                0x000001ec                GPIO_EVEN_IRQHandler
                0x000001ec                VDAC0_IRQHandler
                0x000001ec                LDMA_IRQHandler
                0x000001ec                CSEN_IRQHandler
                0x000001ec                CRYPTO1_IRQHandler
                0x000001ec                TIMER0_IRQHandler
                0x000001ec                DebugMon_Handler
                0x000001ec                PCNT2_IRQHandler
                0x000001ec                TIMER1_IRQHandler
                0x000001ec                TRNG0_IRQHandler
                0x000001ec                USART2_RX_IRQHandler
                0x000001ec                Default_Handler
                0x000001ec                EMU_IRQHandler
                0x000001ec                CRYOTIMER_IRQHandler
                0x000001ec                PCNT0_IRQHandler
                0x000001ec                sl_app_properties
                0x000001ec                PCNT1_IRQHandler
                0x000001ec                ACMP0_IRQHandler
                0x000001ec                USART0_RX_IRQHandler
                0x000001ec                MemManage_Handler
                0x000001ec                SVC_Handler
                0x000001ec                USART3_RX_IRQHandler
                0x000001ec                RTCC_IRQHandler
                0x000001ec                CMU_IRQHandler
                0x000001ec                LESENSE_IRQHandler
                0x000001ec                GPIO_ODD_IRQHandler
                0x000001ec                USART3_TX_IRQHandler
                0x000001ec                BusFault_Handler
                0x000001ec                USART2_TX_IRQHandler
                0x000001ec                IDAC0_IRQHandler
 .text.SystemMaxCoreClockGet
                0x000001f0        0x8 ./CMSIS/EFM32PG12B/system_efm32pg12b.o
                0x000001f0                SystemMaxCoreClockGet
 .text.SystemHFClockGet
                0x000001f8       0x58 ./CMSIS/EFM32PG12B/system_efm32pg12b.o
                0x000001f8                SystemHFClockGet
 .text.SystemCoreClockGet
                0x00000250       0x24 ./CMSIS/EFM32PG12B/system_efm32pg12b.o
                0x00000250                SystemCoreClockGet
 .text.SystemHFXOClockGet
                0x00000274        0xc ./CMSIS/EFM32PG12B/system_efm32pg12b.o
                0x00000274                SystemHFXOClockGet
 .text.SystemInit
                0x00000280       0x1c ./CMSIS/EFM32PG12B/system_efm32pg12b.o
                0x00000280                SystemInit
 .text.SystemLFRCOClockGet
                0x0000029c        0x8 ./CMSIS/EFM32PG12B/system_efm32pg12b.o
                0x0000029c                SystemLFRCOClockGet
 .text.SystemULFRCOClockGet
                0x000002a4        0x8 ./CMSIS/EFM32PG12B/system_efm32pg12b.o
                0x000002a4                SystemULFRCOClockGet
 .text.SystemLFXOClockGet
                0x000002ac        0xc ./CMSIS/EFM32PG12B/system_efm32pg12b.o
                0x000002ac                SystemLFXOClockGet
 .text.assertEFM
                0x000002b8        0x4 ./emlib/em_assert.o
                0x000002b8                assertEFM
 .text.CMU_HFRCODevinfoGet
                0x000002bc       0xb4 ./emlib/em_cmu.o
 .text.flashWaitStateControl
                0x00000370       0x64 ./emlib/em_cmu.o
 .text.flashWaitStateMax
                0x000003d4       0x24 ./emlib/em_cmu.o
 .text.CMU_UpdateWaitStates
                0x000003f8       0x1c ./emlib/em_cmu.o
                0x000003f8                CMU_UpdateWaitStates
 .text.CMU_ClockEnable
                0x00000414       0xc4 ./emlib/em_cmu.o
                0x00000414                CMU_ClockEnable
 .text.CMU_ClockPrescGet
                0x000004d8      0x128 ./emlib/em_cmu.o
                0x000004d8                CMU_ClockPrescGet
 .text.CMU_ClockSelectGet
                0x00000600       0xe0 ./emlib/em_cmu.o
                0x00000600                CMU_ClockSelectGet
 .text.lfClkGet
                0x000006e0       0xd0 ./emlib/em_cmu.o
 .text.CMU_ClockFreqGet
                0x000007b0      0x224 ./emlib/em_cmu.o
                0x000007b0                CMU_ClockFreqGet
 .text.CMU_HFRCOBandSet
                0x000009d4      0x1e8 ./emlib/em_cmu.o
                0x000009d4                CMU_HFRCOBandSet
 .text.CMU_OscillatorTuningSet
                0x00000bbc      0x100 ./emlib/em_cmu.o
                0x00000bbc                CMU_OscillatorTuningSet
 .text.CMU_OscillatorTuningWait
                0x00000cbc       0x68 ./emlib/em_cmu.o
                0x00000cbc                CMU_OscillatorTuningWait
 .text.CMU_OscillatorEnable
                0x00000d24      0x168 ./emlib/em_cmu.o
                0x00000d24                CMU_OscillatorEnable
 .text.CMU_ClockSelectSet
                0x00000e8c      0x2f0 ./emlib/em_cmu.o
                0x00000e8c                CMU_ClockSelectSet
 .text.CMU_HFXOInit
                0x0000117c       0xc4 ./emlib/em_cmu.o
                0x0000117c                CMU_HFXOInit
 .text.CORE_EnterCritical
                0x00001240        0x8 ./emlib/em_core.o
                0x00001240                CORE_EnterCritical
 .text.CORE_ExitCritical
                0x00001248        0x8 ./emlib/em_core.o
                0x00001248                CORE_ExitCritical
 .text.lpGetDevinfoVrefLowHigh
                0x00001250       0xf0 ./emlib/em_emu.o
 .text.vScaleAfterWakeup.part.2
                0x00001340       0x20 ./emlib/em_emu.o
 .text.lpCmpHystCalibrationLoad.isra.4
                0x00001360       0x80 ./emlib/em_emu.o
 .text.vScaleDownEM23Setup
                0x000013e0       0x48 ./emlib/em_emu.o
 .text.emState.constprop.8
                0x00001428       0x60 ./emlib/em_emu.o
 .text.emState.part.3
                0x00001488       0xe0 ./emlib/em_emu.o
 .text.EMU_EM23PresleepHook
                0x00001568        0x4 ./emlib/em_emu.o
                0x00001568                EMU_EM23PresleepHook
 .text.EMU_EM23PostsleepHook
                0x0000156c        0x4 ./emlib/em_emu.o
                0x0000156c                EMU_EM23PostsleepHook
 .text.EMU_EnterEM2
                0x00001570       0x78 ./emlib/em_emu.o
                0x00001570                EMU_EnterEM2
 .text.EMU_EnterEM3
                0x000015e8       0x9c ./emlib/em_emu.o
                0x000015e8                EMU_EnterEM3
 .text.EMU_VScaleEM01
                0x00001684       0xc4 ./emlib/em_emu.o
                0x00001684                EMU_VScaleEM01
 .text.EMU_VScaleEM01ByClock.part.6
                0x00001748       0x5c ./emlib/em_emu.o
 .text.EMU_VScaleEM01ByClock
                0x000017a4       0x14 ./emlib/em_emu.o
                0x000017a4                EMU_VScaleEM01ByClock
 .text.EMU_EM23Init
                0x000017b8       0x34 ./emlib/em_emu.o
                0x000017b8                EMU_EM23Init
 .text.EMU_DCDCModeSet
                0x000017ec       0x9c ./emlib/em_emu.o
                0x000017ec                EMU_DCDCModeSet
 .text.EMU_DCDCOutputVoltageSet
                0x00001888      0x1a8 ./emlib/em_emu.o
                0x00001888                EMU_DCDCOutputVoltageSet
 .text.EMU_DCDCOptimizeSlice
                0x00001a30      0x100 ./emlib/em_emu.o
                0x00001a30                EMU_DCDCOptimizeSlice
 .text.EMU_DCDCLnRcoBandSet
                0x00001b30       0x40 ./emlib/em_emu.o
                0x00001b30                EMU_DCDCLnRcoBandSet
 .text.EMU_DCDCInit
                0x00001b70      0x1d4 ./emlib/em_emu.o
                0x00001b70                EMU_DCDCInit
 .text.GPIO_DriveStrengthSet
                0x00001d44       0x50 ./emlib/em_gpio.o
                0x00001d44                GPIO_DriveStrengthSet
 .text.GPIO_PinModeSet
                0x00001d94      0x2e0 ./emlib/em_gpio.o
                0x00001d94                GPIO_PinModeSet
 .text.I2C_BusFreqSet
                0x00002074      0x10c ./emlib/em_i2c.o
                0x00002074                I2C_BusFreqSet
 .text.I2C_Enable
                0x00002180       0x30 ./emlib/em_i2c.o
                0x00002180                I2C_Enable
 .text.I2C_Init
                0x000021b0       0x58 ./emlib/em_i2c.o
                0x000021b0                I2C_Init
 .text.LETIMER_Enable
                0x00002208       0x34 ./emlib/em_letimer.o
                0x00002208                LETIMER_Enable
 .text.LETIMER_Init
                0x0000223c       0x98 ./emlib/em_letimer.o
                0x0000223c                LETIMER_Init
 .text.LEUART_BaudrateSet
                0x000022d4       0x80 ./emlib/em_leuart.o
                0x000022d4                LEUART_BaudrateSet
 .text.LEUART_Enable
                0x00002354       0x3c ./emlib/em_leuart.o
                0x00002354                LEUART_Enable
 .text.LEUART_Init
                0x00002390       0x60 ./emlib/em_leuart.o
                0x00002390                LEUART_Init
 .text.TIMER_Init
                0x000023f0       0xc8 ./emlib/em_timer.o
                0x000023f0                TIMER_Init
 .text.timer_delay
                0x000024b8       0x74 ./src/Source_Files/HW_Delay.o
                0x000024b8                timer_delay
 .text.si7021_i2c_open
                0x0000252c       0x40 ./src/Source_Files/SI7021.o
                0x0000252c                si7021_i2c_open
 .text.si7021_Read
                0x0000256c       0x24 ./src/Source_Files/SI7021.o
                0x0000256c                si7021_Read
 .text.si7021_convert
                0x00002590       0x7c ./src/Source_Files/SI7021.o
                0x00002590                si7021_convert
 .text.app_peripheral_setup
                0x0000260c       0x80 ./src/Source_Files/app.o
                0x0000260c                app_peripheral_setup
 .text.scheduled_letimer0_uf_cb
                0x0000268c       0x28 ./src/Source_Files/app.o
                0x0000268c                scheduled_letimer0_uf_cb
 .text.si7021_temp_done
                0x000026b4       0x80 ./src/Source_Files/app.o
                0x000026b4                si7021_temp_done
 .text.scheduled_letimer0_comp0_cb
                0x00002734       0x18 ./src/Source_Files/app.o
                0x00002734                scheduled_letimer0_comp0_cb
 .text.scheduled_letimer0_comp1_cb
                0x0000274c       0x18 ./src/Source_Files/app.o
                0x0000274c                scheduled_letimer0_comp1_cb
 .text.scheduled_boot_up_cb
                0x00002764       0x6c ./src/Source_Files/app.o
                0x00002764                scheduled_boot_up_cb
 .text.scheduled_tx_done_event
                0x000027d0       0x30 ./src/Source_Files/app.o
                0x000027d0                scheduled_tx_done_event
 .text.ble_circ_space
                0x00002800       0x28 ./src/Source_Files/ble.o
 .text.ble_circ_push
                0x00002828       0x7c ./src/Source_Files/ble.o
 .text.ble_open
                0x000028a4       0x58 ./src/Source_Files/ble.o
                0x000028a4                ble_open
 .text.ble_test
                0x000028fc      0x230 ./src/Source_Files/ble.o
                0x000028fc                ble_test
 .text.ble_circ_pop
                0x00002b2c       0xcc ./src/Source_Files/ble.o
                0x00002b2c                ble_circ_pop
 .text.ble_write
                0x00002bf8       0x10 ./src/Source_Files/ble.o
                0x00002bf8                ble_write
 .text.circular_buff_test
                0x00002c08      0x238 ./src/Source_Files/ble.o
                0x00002c08                circular_buff_test
 .text.cmu_open
                0x00002e40       0x4c ./src/Source_Files/cmu.o
                0x00002e40                cmu_open
 .text.gpio_open
                0x00002e8c       0x8c ./src/Source_Files/gpio.o
                0x00002e8c                gpio_open
 .text.i2c_Rxdatav
                0x00002f18       0x88 ./src/Source_Files/i2c.o
 .text.i2c_Ack  0x00002fa0       0x68 ./src/Source_Files/i2c.o
 .text.i2c_Nack
                0x00003008       0x5c ./src/Source_Files/i2c.o
 .text.i2c_Mstop
                0x00003064       0x84 ./src/Source_Files/i2c.o
 .text.i2c_open
                0x000030e8       0xfc ./src/Source_Files/i2c.o
                0x000030e8                i2c_open
 .text.i2c_Start
                0x000031e4       0x50 ./src/Source_Files/i2c.o
                0x000031e4                i2c_Start
 .text.I2C0_IRQHandler
                0x00003234       0x3c ./src/Source_Files/i2c.o
                0x00003234                I2C0_IRQHandler
 .text.I2C1_IRQHandler
                0x00003270       0x3c ./src/Source_Files/i2c.o
                0x00003270                I2C1_IRQHandler
 .text.letimer_start
                0x000032ac       0x3c ./src/Source_Files/letimer.o
                0x000032ac                letimer_start
 .text.letimer_pwm_open
                0x000032e8      0x128 ./src/Source_Files/letimer.o
                0x000032e8                letimer_pwm_open
 .text.LETIMER0_IRQHandler
                0x00003410       0x88 ./src/Source_Files/letimer.o
                0x00003410                LETIMER0_IRQHandler
 .text.leuart_open
                0x00003498       0xe4 ./src/Source_Files/leuart.o
                0x00003498                leuart_open
 .text.leuart_start
                0x0000357c       0x4c ./src/Source_Files/leuart.o
                0x0000357c                leuart_start
 .text.leuart_tx_busy
                0x000035c8        0xc ./src/Source_Files/leuart.o
                0x000035c8                leuart_tx_busy
 .text.leuart_status
                0x000035d4        0x4 ./src/Source_Files/leuart.o
                0x000035d4                leuart_status
 .text.leuart_cmd_write
                0x000035d8        0xc ./src/Source_Files/leuart.o
                0x000035d8                leuart_cmd_write
 .text.leuart_if_reset
                0x000035e4        0x8 ./src/Source_Files/leuart.o
                0x000035e4                leuart_if_reset
 .text.leuart_app_transmit_byte
                0x000035ec        0xc ./src/Source_Files/leuart.o
                0x000035ec                leuart_app_transmit_byte
 .text.leuart_app_receive_byte
                0x000035f8        0xc ./src/Source_Files/leuart.o
                0x000035f8                leuart_app_receive_byte
 .text.leuart_Txbl
                0x00003604       0x8c ./src/Source_Files/leuart.o
                0x00003604                leuart_Txbl
 .text.leuart_Txc
                0x00003690       0x70 ./src/Source_Files/leuart.o
                0x00003690                leuart_Txc
 .text.LEUART0_IRQHandler
                0x00003700       0x28 ./src/Source_Files/leuart.o
                0x00003700                LEUART0_IRQHandler
 .text.scheduler_open
                0x00003728       0x18 ./src/Source_Files/scheduler.o
                0x00003728                scheduler_open
 .text.add_scheduled_event
                0x00003740       0x1c ./src/Source_Files/scheduler.o
                0x00003740                add_scheduled_event
 .text.remove_scheduled_event
                0x0000375c       0x20 ./src/Source_Files/scheduler.o
                0x0000375c                remove_scheduled_event
 .text.get_scheduled_events
                0x0000377c        0xc ./src/Source_Files/scheduler.o
                0x0000377c                get_scheduled_events
 .text.sleep_open
                0x00003788       0x20 ./src/Source_Files/sleep_routines.o
                0x00003788                sleep_open
 .text.sleep_block_mode
                0x000037a8       0x38 ./src/Source_Files/sleep_routines.o
                0x000037a8                sleep_block_mode
 .text.sleep_unblock_mode
                0x000037e0       0x3c ./src/Source_Files/sleep_routines.o
                0x000037e0                sleep_unblock_mode
 .text.enter_sleep
                0x0000381c       0x54 ./src/Source_Files/sleep_routines.o
                0x0000381c                enter_sleep
 .text.startup.main
                0x00003870      0x184 ./src/main.o
                0x00003870                main
 .text          0x000039f4      0x378 c:/siliconlabs/simplicitystudio/v4/developer/toolchains/gnu_arm/7.2_2017q4/bin/../lib/gcc/arm-none-eabi/7.2.1/thumb/v7e-m/fpv4-sp/softfp\libgcc.a(_arm_addsubdf3.o)
                0x000039f4                __aeabi_drsub
                0x000039fc                __aeabi_dsub
                0x000039fc                __subdf3
                0x00003a00                __aeabi_dadd
                0x00003a00                __adddf3
                0x00003c78                __floatunsidf
                0x00003c78                __aeabi_ui2d
                0x00003c98                __floatsidf
                0x00003c98                __aeabi_i2d
                0x00003cbc                __aeabi_f2d
                0x00003cbc                __extendsfdf2
                0x00003d00                __floatundidf
                0x00003d00                __aeabi_ul2d
                0x00003d10                __floatdidf
                0x00003d10                __aeabi_l2d
 .text          0x00003d6c      0x424 c:/siliconlabs/simplicitystudio/v4/developer/toolchains/gnu_arm/7.2_2017q4/bin/../lib/gcc/arm-none-eabi/7.2.1/thumb/v7e-m/fpv4-sp/softfp\libgcc.a(_arm_muldivdf3.o)
                0x00003d6c                __aeabi_dmul
                0x00003d6c                __muldf3
                0x00003fc0                __divdf3
                0x00003fc0                __aeabi_ddiv
 .text          0x00004190       0xa0 c:/siliconlabs/simplicitystudio/v4/developer/toolchains/gnu_arm/7.2_2017q4/bin/../lib/gcc/arm-none-eabi/7.2.1/thumb/v7e-m/fpv4-sp/softfp\libgcc.a(_arm_truncdfsf2.o)
                0x00004190                __truncdfsf2
                0x00004190                __aeabi_d2f
 .text.abs      0x00004230        0x8 c:/siliconlabs/simplicitystudio/v4/developer/toolchains/gnu_arm/7.2_2017q4/bin/../lib/gcc/arm-none-eabi/7.2.1/../../../../arm-none-eabi/lib/thumb/v7e-m/fpv4-sp/softfp\libc_nano.a(lib_a-abs.o)
                0x00004230                abs
 .text.exit     0x00004238       0x28 c:/siliconlabs/simplicitystudio/v4/developer/toolchains/gnu_arm/7.2_2017q4/bin/../lib/gcc/arm-none-eabi/7.2.1/../../../../arm-none-eabi/lib/thumb/v7e-m/fpv4-sp/softfp\libc_nano.a(lib_a-exit.o)
                0x00004238                exit
 .text.__libc_init_array
                0x00004260       0x48 c:/siliconlabs/simplicitystudio/v4/developer/toolchains/gnu_arm/7.2_2017q4/bin/../lib/gcc/arm-none-eabi/7.2.1/../../../../arm-none-eabi/lib/thumb/v7e-m/fpv4-sp/softfp\libc_nano.a(lib_a-init.o)
                0x00004260                __libc_init_array
 .text.memcpy   0x000042a8       0x16 c:/siliconlabs/simplicitystudio/v4/developer/toolchains/gnu_arm/7.2_2017q4/bin/../lib/gcc/arm-none-eabi/7.2.1/../../../../arm-none-eabi/lib/thumb/v7e-m/fpv4-sp/softfp\libc_nano.a(lib_a-memcpy-stub.o)
                0x000042a8                memcpy
 .text.memset   0x000042be       0x10 c:/siliconlabs/simplicitystudio/v4/developer/toolchains/gnu_arm/7.2_2017q4/bin/../lib/gcc/arm-none-eabi/7.2.1/../../../../arm-none-eabi/lib/thumb/v7e-m/fpv4-sp/softfp\libc_nano.a(lib_a-memset.o)
                0x000042be                memset
 .text.__cvt    0x000042ce       0xbc c:/siliconlabs/simplicitystudio/v4/developer/toolchains/gnu_arm/7.2_2017q4/bin/../lib/gcc/arm-none-eabi/7.2.1/../../../../arm-none-eabi/lib/thumb/v7e-m/fpv4-sp/softfp\libc_nano.a(lib_a-nano-vfprintf_float.o)
                0x000042ce                __cvt
 .text.__exponent
                0x0000438a       0x66 c:/siliconlabs/simplicitystudio/v4/developer/toolchains/gnu_arm/7.2_2017q4/bin/../lib/gcc/arm-none-eabi/7.2.1/../../../../arm-none-eabi/lib/thumb/v7e-m/fpv4-sp/softfp\libc_nano.a(lib_a-nano-vfprintf_float.o)
                0x0000438a                __exponent
 .text._printf_float
                0x000043f0      0x48c c:/siliconlabs/simplicitystudio/v4/developer/toolchains/gnu_arm/7.2_2017q4/bin/../lib/gcc/arm-none-eabi/7.2.1/../../../../arm-none-eabi/lib/thumb/v7e-m/fpv4-sp/softfp\libc_nano.a(lib_a-nano-vfprintf_float.o)
                0x000043f0                _printf_float
 .text._printf_common
                0x0000487c       0xea c:/siliconlabs/simplicitystudio/v4/developer/toolchains/gnu_arm/7.2_2017q4/bin/../lib/gcc/arm-none-eabi/7.2.1/../../../../arm-none-eabi/lib/thumb/v7e-m/fpv4-sp/softfp\libc_nano.a(lib_a-nano-vfprintf_i.o)
                0x0000487c                _printf_common
 *fill*         0x00004966        0x2 
 .text._printf_i
                0x00004968      0x224 c:/siliconlabs/simplicitystudio/v4/developer/toolchains/gnu_arm/7.2_2017q4/bin/../lib/gcc/arm-none-eabi/7.2.1/../../../../arm-none-eabi/lib/thumb/v7e-m/fpv4-sp/softfp\libc_nano.a(lib_a-nano-vfprintf_i.o)
                0x00004968                _printf_i
 .text.sprintf  0x00004b8c       0x40 c:/siliconlabs/simplicitystudio/v4/developer/toolchains/gnu_arm/7.2_2017q4/bin/../lib/gcc/arm-none-eabi/7.2.1/../../../../arm-none-eabi/lib/thumb/v7e-m/fpv4-sp/softfp\libc_nano.a(lib_a-sprintf.o)
                0x00004b8c                siprintf
                0x00004b8c                sprintf
 .text.strcat   0x00004bcc       0x1e c:/siliconlabs/simplicitystudio/v4/developer/toolchains/gnu_arm/7.2_2017q4/bin/../lib/gcc/arm-none-eabi/7.2.1/../../../../arm-none-eabi/lib/thumb/v7e-m/fpv4-sp/softfp\libc_nano.a(lib_a-strcat.o)
                0x00004bcc                strcat
 .text.strcpy   0x00004bea       0x10 c:/siliconlabs/simplicitystudio/v4/developer/toolchains/gnu_arm/7.2_2017q4/bin/../lib/gcc/arm-none-eabi/7.2.1/../../../../arm-none-eabi/lib/thumb/v7e-m/fpv4-sp/softfp\libc_nano.a(lib_a-strcpy.o)
                0x00004bea                strcpy
 .text          0x00004bfa       0x10 c:/siliconlabs/simplicitystudio/v4/developer/toolchains/gnu_arm/7.2_2017q4/bin/../lib/gcc/arm-none-eabi/7.2.1/../../../../arm-none-eabi/lib/thumb/v7e-m/fpv4-sp/softfp\libc_nano.a(lib_a-strlen.o)
                0x00004bfa                strlen
 .text.quorem   0x00004c0a      0x118 c:/siliconlabs/simplicitystudio/v4/developer/toolchains/gnu_arm/7.2_2017q4/bin/../lib/gcc/arm-none-eabi/7.2.1/../../../../arm-none-eabi/lib/thumb/v7e-m/fpv4-sp/softfp\libc_nano.a(lib_a-dtoa.o)
 *fill*         0x00004d22        0x6 
 .text._dtoa_r  0x00004d28      0xb7c c:/siliconlabs/simplicitystudio/v4/developer/toolchains/gnu_arm/7.2_2017q4/bin/../lib/gcc/arm-none-eabi/7.2.1/../../../../arm-none-eabi/lib/thumb/v7e-m/fpv4-sp/softfp\libc_nano.a(lib_a-dtoa.o)
                0x00004d28                _dtoa_r
 .text._localeconv_r
                0x000058a4       0x1c c:/siliconlabs/simplicitystudio/v4/developer/toolchains/gnu_arm/7.2_2017q4/bin/../lib/gcc/arm-none-eabi/7.2.1/../../../../arm-none-eabi/lib/thumb/v7e-m/fpv4-sp/softfp\libc_nano.a(lib_a-localeconv.o)
                0x000058a4                _localeconv_r
 .text.malloc   0x000058c0       0x10 c:/siliconlabs/simplicitystudio/v4/developer/toolchains/gnu_arm/7.2_2017q4/bin/../lib/gcc/arm-none-eabi/7.2.1/../../../../arm-none-eabi/lib/thumb/v7e-m/fpv4-sp/softfp\libc_nano.a(lib_a-malloc.o)
                0x000058c0                malloc
 .text          0x000058d0       0xa0 c:/siliconlabs/simplicitystudio/v4/developer/toolchains/gnu_arm/7.2_2017q4/bin/../lib/gcc/arm-none-eabi/7.2.1/../../../../arm-none-eabi/lib/thumb/v7e-m/fpv4-sp/softfp\libc_nano.a(lib_a-memchr.o)
                0x000058d0                memchr
 .text._Balloc  0x00005970       0x68 c:/siliconlabs/simplicitystudio/v4/developer/toolchains/gnu_arm/7.2_2017q4/bin/../lib/gcc/arm-none-eabi/7.2.1/../../../../arm-none-eabi/lib/thumb/v7e-m/fpv4-sp/softfp\libc_nano.a(lib_a-mprec.o)
                0x00005970                _Balloc
 .text._Bfree   0x000059d8       0x2e c:/siliconlabs/simplicitystudio/v4/developer/toolchains/gnu_arm/7.2_2017q4/bin/../lib/gcc/arm-none-eabi/7.2.1/../../../../arm-none-eabi/lib/thumb/v7e-m/fpv4-sp/softfp\libc_nano.a(lib_a-mprec.o)
                0x000059d8                _Bfree
 .text.__multadd
                0x00005a06       0x76 c:/siliconlabs/simplicitystudio/v4/developer/toolchains/gnu_arm/7.2_2017q4/bin/../lib/gcc/arm-none-eabi/7.2.1/../../../../arm-none-eabi/lib/thumb/v7e-m/fpv4-sp/softfp\libc_nano.a(lib_a-mprec.o)
                0x00005a06                __multadd
 .text.__hi0bits
                0x00005a7c       0x3e c:/siliconlabs/simplicitystudio/v4/developer/toolchains/gnu_arm/7.2_2017q4/bin/../lib/gcc/arm-none-eabi/7.2.1/../../../../arm-none-eabi/lib/thumb/v7e-m/fpv4-sp/softfp\libc_nano.a(lib_a-mprec.o)
                0x00005a7c                __hi0bits
 .text.__lo0bits
                0x00005aba       0x5e c:/siliconlabs/simplicitystudio/v4/developer/toolchains/gnu_arm/7.2_2017q4/bin/../lib/gcc/arm-none-eabi/7.2.1/../../../../arm-none-eabi/lib/thumb/v7e-m/fpv4-sp/softfp\libc_nano.a(lib_a-mprec.o)
                0x00005aba                __lo0bits
 .text.__i2b    0x00005b18       0x12 c:/siliconlabs/simplicitystudio/v4/developer/toolchains/gnu_arm/7.2_2017q4/bin/../lib/gcc/arm-none-eabi/7.2.1/../../../../arm-none-eabi/lib/thumb/v7e-m/fpv4-sp/softfp\libc_nano.a(lib_a-mprec.o)
                0x00005b18                __i2b
 .text.__multiply
                0x00005b2a      0x12c c:/siliconlabs/simplicitystudio/v4/developer/toolchains/gnu_arm/7.2_2017q4/bin/../lib/gcc/arm-none-eabi/7.2.1/../../../../arm-none-eabi/lib/thumb/v7e-m/fpv4-sp/softfp\libc_nano.a(lib_a-mprec.o)
                0x00005b2a                __multiply
 *fill*         0x00005c56        0x2 
 .text.__pow5mult
                0x00005c58       0x9c c:/siliconlabs/simplicitystudio/v4/developer/toolchains/gnu_arm/7.2_2017q4/bin/../lib/gcc/arm-none-eabi/7.2.1/../../../../arm-none-eabi/lib/thumb/v7e-m/fpv4-sp/softfp\libc_nano.a(lib_a-mprec.o)
                0x00005c58                __pow5mult
 .text.__lshift
                0x00005cf4       0xa8 c:/siliconlabs/simplicitystudio/v4/developer/toolchains/gnu_arm/7.2_2017q4/bin/../lib/gcc/arm-none-eabi/7.2.1/../../../../arm-none-eabi/lib/thumb/v7e-m/fpv4-sp/softfp\libc_nano.a(lib_a-mprec.o)
                0x00005cf4                __lshift
 .text.__mcmp   0x00005d9c       0x34 c:/siliconlabs/simplicitystudio/v4/developer/toolchains/gnu_arm/7.2_2017q4/bin/../lib/gcc/arm-none-eabi/7.2.1/../../../../arm-none-eabi/lib/thumb/v7e-m/fpv4-sp/softfp\libc_nano.a(lib_a-mprec.o)
                0x00005d9c                __mcmp
 .text.__mdiff  0x00005dd0       0xba c:/siliconlabs/simplicitystudio/v4/developer/toolchains/gnu_arm/7.2_2017q4/bin/../lib/gcc/arm-none-eabi/7.2.1/../../../../arm-none-eabi/lib/thumb/v7e-m/fpv4-sp/softfp\libc_nano.a(lib_a-mprec.o)
                0x00005dd0                __mdiff
 .text.__d2b    0x00005e8a       0x9e c:/siliconlabs/simplicitystudio/v4/developer/toolchains/gnu_arm/7.2_2017q4/bin/../lib/gcc/arm-none-eabi/7.2.1/../../../../arm-none-eabi/lib/thumb/v7e-m/fpv4-sp/softfp\libc_nano.a(lib_a-mprec.o)
                0x00005e8a                __d2b
 .text._calloc_r
                0x00005f28       0x1c c:/siliconlabs/simplicitystudio/v4/developer/toolchains/gnu_arm/7.2_2017q4/bin/../lib/gcc/arm-none-eabi/7.2.1/../../../../arm-none-eabi/lib/thumb/v7e-m/fpv4-sp/softfp\libc_nano.a(lib_a-nano-callocr.o)
                0x00005f28                _calloc_r
 .text._free_r  0x00005f44       0x9c c:/siliconlabs/simplicitystudio/v4/developer/toolchains/gnu_arm/7.2_2017q4/bin/../lib/gcc/arm-none-eabi/7.2.1/../../../../arm-none-eabi/lib/thumb/v7e-m/fpv4-sp/softfp\libc_nano.a(lib_a-nano-freer.o)
                0x00005f44                _free_r
 .text._malloc_r
                0x00005fe0       0xb4 c:/siliconlabs/simplicitystudio/v4/developer/toolchains/gnu_arm/7.2_2017q4/bin/../lib/gcc/arm-none-eabi/7.2.1/../../../../arm-none-eabi/lib/thumb/v7e-m/fpv4-sp/softfp\libc_nano.a(lib_a-nano-mallocr.o)
                0x00005fe0                _malloc_r
 .text.__ssputs_r
                0x00006094       0xb4 c:/siliconlabs/simplicitystudio/v4/developer/toolchains/gnu_arm/7.2_2017q4/bin/../lib/gcc/arm-none-eabi/7.2.1/../../../../arm-none-eabi/lib/thumb/v7e-m/fpv4-sp/softfp\libc_nano.a(lib_a-nano-svfprintf.o)
                0x00006094                __ssputs_r
 .text._svfprintf_r
                0x00006148      0x1ec c:/siliconlabs/simplicitystudio/v4/developer/toolchains/gnu_arm/7.2_2017q4/bin/../lib/gcc/arm-none-eabi/7.2.1/../../../../arm-none-eabi/lib/thumb/v7e-m/fpv4-sp/softfp\libc_nano.a(lib_a-nano-svfprintf.o)
                0x00006148                _svfiprintf_r
                0x00006148                _svfprintf_r
 .text._sbrk_r  0x00006334       0x20 c:/siliconlabs/simplicitystudio/v4/developer/toolchains/gnu_arm/7.2_2017q4/bin/../lib/gcc/arm-none-eabi/7.2.1/../../../../arm-none-eabi/lib/thumb/v7e-m/fpv4-sp/softfp\libc_nano.a(lib_a-sbrkr.o)
                0x00006334                _sbrk_r
 .text.__ascii_mbtowc
                0x00006354       0x24 c:/siliconlabs/simplicitystudio/v4/developer/toolchains/gnu_arm/7.2_2017q4/bin/../lib/gcc/arm-none-eabi/7.2.1/../../../../arm-none-eabi/lib/thumb/v7e-m/fpv4-sp/softfp\libc_nano.a(lib_a-mbtowc_r.o)
                0x00006354                __ascii_mbtowc
 .text.memmove  0x00006378       0x32 c:/siliconlabs/simplicitystudio/v4/developer/toolchains/gnu_arm/7.2_2017q4/bin/../lib/gcc/arm-none-eabi/7.2.1/../../../../arm-none-eabi/lib/thumb/v7e-m/fpv4-sp/softfp\libc_nano.a(lib_a-memmove.o)
                0x00006378                memmove
 .text.__malloc_lock
                0x000063aa        0x2 c:/siliconlabs/simplicitystudio/v4/developer/toolchains/gnu_arm/7.2_2017q4/bin/../lib/gcc/arm-none-eabi/7.2.1/../../../../arm-none-eabi/lib/thumb/v7e-m/fpv4-sp/softfp\libc_nano.a(lib_a-mlock.o)
                0x000063aa                __malloc_lock
 .text.__malloc_unlock
                0x000063ac        0x2 c:/siliconlabs/simplicitystudio/v4/developer/toolchains/gnu_arm/7.2_2017q4/bin/../lib/gcc/arm-none-eabi/7.2.1/../../../../arm-none-eabi/lib/thumb/v7e-m/fpv4-sp/softfp\libc_nano.a(lib_a-mlock.o)
                0x000063ac                __malloc_unlock
 .text._realloc_r
                0x000063ae       0x4c c:/siliconlabs/simplicitystudio/v4/developer/toolchains/gnu_arm/7.2_2017q4/bin/../lib/gcc/arm-none-eabi/7.2.1/../../../../arm-none-eabi/lib/thumb/v7e-m/fpv4-sp/softfp\libc_nano.a(lib_a-nano-reallocr.o)
                0x000063ae                _realloc_r
 .text.__ascii_wctomb
                0x000063fa       0x1a c:/siliconlabs/simplicitystudio/v4/developer/toolchains/gnu_arm/7.2_2017q4/bin/../lib/gcc/arm-none-eabi/7.2.1/../../../../arm-none-eabi/lib/thumb/v7e-m/fpv4-sp/softfp\libc_nano.a(lib_a-wctomb_r.o)
                0x000063fa                __ascii_wctomb
 .text._malloc_usable_size_r
                0x00006414       0x10 c:/siliconlabs/simplicitystudio/v4/developer/toolchains/gnu_arm/7.2_2017q4/bin/../lib/gcc/arm-none-eabi/7.2.1/../../../../arm-none-eabi/lib/thumb/v7e-m/fpv4-sp/softfp\libc_nano.a(lib_a-nano-msizer.o)
                0x00006414                _malloc_usable_size_r
 .text._sbrk    0x00006424       0x1c c:/siliconlabs/simplicitystudio/v4/developer/toolchains/gnu_arm/7.2_2017q4/bin/../lib/gcc/arm-none-eabi/7.2.1/../../../../arm-none-eabi/lib/thumb/v7e-m/fpv4-sp/softfp\libnosys.a(sbrk.o)
                0x00006424                _sbrk
 .text._exit    0x00006440        0x4 c:/siliconlabs/simplicitystudio/v4/developer/toolchains/gnu_arm/7.2_2017q4/bin/../lib/gcc/arm-none-eabi/7.2.1/../../../../arm-none-eabi/lib/thumb/v7e-m/fpv4-sp/softfp\libnosys.a(_exit.o)
                0x00006440                _exit
 .text          0x00006444      0x110 c:/siliconlabs/simplicitystudio/v4/developer/toolchains/gnu_arm/7.2_2017q4/bin/../lib/gcc/arm-none-eabi/7.2.1/thumb/v7e-m/fpv4-sp/softfp\libgcc.a(_arm_cmpdf2.o)
                0x00006444                __gtdf2
                0x00006444                __gedf2
                0x0000644c                __ltdf2
                0x0000644c                __ledf2
                0x00006454                __nedf2
                0x00006454                __eqdf2
                0x00006454                __cmpdf2
                0x000064d0                __aeabi_cdrcmple
                0x000064e0                __aeabi_cdcmpeq
                0x000064e0                __aeabi_cdcmple
                0x000064f0                __aeabi_dcmpeq
                0x00006504                __aeabi_dcmplt
                0x00006518                __aeabi_dcmple
                0x0000652c                __aeabi_dcmpge
                0x00006540                __aeabi_dcmpgt
 .text          0x00006554       0x2c c:/siliconlabs/simplicitystudio/v4/developer/toolchains/gnu_arm/7.2_2017q4/bin/../lib/gcc/arm-none-eabi/7.2.1/thumb/v7e-m/fpv4-sp/softfp\libgcc.a(_arm_unorddf2.o)
                0x00006554                __unorddf2
                0x00006554                __aeabi_dcmpun
 .text          0x00006580       0x50 c:/siliconlabs/simplicitystudio/v4/developer/toolchains/gnu_arm/7.2_2017q4/bin/../lib/gcc/arm-none-eabi/7.2.1/thumb/v7e-m/fpv4-sp/softfp\libgcc.a(_arm_fixdfsi.o)
                0x00006580                __aeabi_d2iz
                0x00006580                __fixdfsi
 *(.init)
 .init          0x000065d0        0x4 c:/siliconlabs/simplicitystudio/v4/developer/toolchains/gnu_arm/7.2_2017q4/bin/../lib/gcc/arm-none-eabi/7.2.1/thumb/v7e-m/fpv4-sp/softfp/crti.o
                0x000065d0                _init
 .init          0x000065d4        0x8 c:/siliconlabs/simplicitystudio/v4/developer/toolchains/gnu_arm/7.2_2017q4/bin/../lib/gcc/arm-none-eabi/7.2.1/thumb/v7e-m/fpv4-sp/softfp/crtn.o
 *(.fini)
 .fini          0x000065dc        0x4 c:/siliconlabs/simplicitystudio/v4/developer/toolchains/gnu_arm/7.2_2017q4/bin/../lib/gcc/arm-none-eabi/7.2.1/thumb/v7e-m/fpv4-sp/softfp/crti.o
                0x000065dc                _fini
 .fini          0x000065e0        0x8 c:/siliconlabs/simplicitystudio/v4/developer/toolchains/gnu_arm/7.2_2017q4/bin/../lib/gcc/arm-none-eabi/7.2.1/thumb/v7e-m/fpv4-sp/softfp/crtn.o
 .fini.__stub   0x000065e8        0x8 linker stubs
 *crtbegin.o(.ctors)
 *crtbegin?.o(.ctors)
 *(EXCLUDE_FILE(*crtend.o *crtend?.o) .ctors)
 *(SORT_BY_NAME(.ctors.*))
 *(.ctors)
 *crtbegin.o(.dtors)
 *crtbegin?.o(.dtors)
 *(EXCLUDE_FILE(*crtend.o *crtend?.o) .dtors)
 *(SORT_BY_NAME(.dtors.*))
 *(.dtors)
 *(.rodata*)
 .rodata.flashWaitStateControl.str1.4
                0x000065f0       0x12 ./emlib/em_cmu.o
 *fill*         0x00006602        0x2 
 .rodata.flashWsTable
                0x00006604       0x28 ./emlib/em_cmu.o
 .rodata.lpGetDevinfoVrefLowHigh.str1.4
                0x0000662c       0x12 ./emlib/em_emu.o
 *fill*         0x0000663e        0x2 
 .rodata.GPIO_DbgLocationSet.str1.4
                0x00006640       0x13 ./emlib/em_gpio.o
 *fill*         0x00006653        0x1 
 .rodata.GPIO_PinModeSet.str1.4
                0x00006654       0x64 ./emlib/em_gpio.o
 .rodata.CSWTCH.17
                0x000066b8        0xc ./emlib/em_i2c.o
 .rodata.CSWTCH.18
                0x000066c4        0xc ./emlib/em_i2c.o
 .rodata.I2C_BusFreqGet.str1.4
                0x000066d0       0x12 ./emlib/em_i2c.o
 *fill*         0x000066e2        0x2 
 .rodata.i2cNSum
                0x000066e4        0x4 ./emlib/em_i2c.o
 .rodata.LETIMER_CompareGet.str1.4
                0x000066e8       0x16 ./emlib/em_letimer.o
 *fill*         0x000066fe        0x2 
 .rodata.LEUART_BaudrateGet.str1.4
                0x00006700       0x15 ./emlib/em_leuart.o
 *fill*         0x00006715        0x3 
 .rodata.TIMER_Init.str1.4
                0x00006718       0x14 ./emlib/em_timer.o
 .rodata.scheduled_boot_up_cb.str1.4
                0x0000672c       0x32 ./src/Source_Files/app.o
 *fill*         0x0000675e        0x2 
 .rodata.scheduled_letimer0_uf_cb.str1.4
                0x00006760       0x1a ./src/Source_Files/app.o
 *fill*         0x0000677a        0x2 
 .rodata.si7021_temp_done.str1.4
                0x0000677c       0x18 ./src/Source_Files/app.o
 .rodata        0x00006794      0x140 ./src/Source_Files/ble.o
 .rodata.ble_circ_push.str1.4
                0x000068d4       0x1a ./src/Source_Files/ble.o
 *fill*         0x000068ee        0x2 
 .rodata.circular_buff_test.str1.4
                0x000068f0       0x1e ./src/Source_Files/ble.o
 *fill*         0x0000690e        0x2 
 .rodata.i2c_Rxdatav.str1.4
                0x00006910       0x1a ./src/Source_Files/i2c.o
 *fill*         0x0000692a        0x2 
 .rodata.letimer_pwm_open.str1.4
                0x0000692c       0x1e ./src/Source_Files/letimer.o
 *fill*         0x0000694a        0x2 
 .rodata.leuart_open.str1.4
                0x0000694c       0x1d ./src/Source_Files/leuart.o
 *fill*         0x00006969        0x3 
 .rodata.sleep_block_mode.str1.4
                0x0000696c       0x25 ./src/Source_Files/sleep_routines.o
 *fill*         0x00006991        0x3 
 .rodata        0x00006994       0x22 ./src/main.o
 *fill*         0x000069b6        0x2 
 .rodata.main.str1.4
                0x000069b8       0x10 ./src/main.o
                                  0xe (size before relaxing)
 .rodata._global_impure_ptr
                0x000069c8        0x4 c:/siliconlabs/simplicitystudio/v4/developer/toolchains/gnu_arm/7.2_2017q4/bin/../lib/gcc/arm-none-eabi/7.2.1/../../../../arm-none-eabi/lib/thumb/v7e-m/fpv4-sp/softfp\libc_nano.a(lib_a-impure.o)
                0x000069c8                _global_impure_ptr
 .rodata._printf_float.str1.1
                0x000069cc       0x12 c:/siliconlabs/simplicitystudio/v4/developer/toolchains/gnu_arm/7.2_2017q4/bin/../lib/gcc/arm-none-eabi/7.2.1/../../../../arm-none-eabi/lib/thumb/v7e-m/fpv4-sp/softfp\libc_nano.a(lib_a-nano-vfprintf_float.o)
 .rodata._printf_i.str1.1
                0x000069de       0x22 c:/siliconlabs/simplicitystudio/v4/developer/toolchains/gnu_arm/7.2_2017q4/bin/../lib/gcc/arm-none-eabi/7.2.1/../../../../arm-none-eabi/lib/thumb/v7e-m/fpv4-sp/softfp\libc_nano.a(lib_a-nano-vfprintf_i.o)
 .rodata._dtoa_r.str1.1
                0x00006a00        0xd c:/siliconlabs/simplicitystudio/v4/developer/toolchains/gnu_arm/7.2_2017q4/bin/../lib/gcc/arm-none-eabi/7.2.1/../../../../arm-none-eabi/lib/thumb/v7e-m/fpv4-sp/softfp\libc_nano.a(lib_a-dtoa.o)
                                  0xf (size before relaxing)
 *fill*         0x00006a0d        0x3 
 .rodata.__mprec_bigtens
                0x00006a10       0x28 c:/siliconlabs/simplicitystudio/v4/developer/toolchains/gnu_arm/7.2_2017q4/bin/../lib/gcc/arm-none-eabi/7.2.1/../../../../arm-none-eabi/lib/thumb/v7e-m/fpv4-sp/softfp\libc_nano.a(lib_a-mprec.o)
                0x00006a10                __mprec_bigtens
 .rodata.__mprec_tens
                0x00006a38       0xc8 c:/siliconlabs/simplicitystudio/v4/developer/toolchains/gnu_arm/7.2_2017q4/bin/../lib/gcc/arm-none-eabi/7.2.1/../../../../arm-none-eabi/lib/thumb/v7e-m/fpv4-sp/softfp\libc_nano.a(lib_a-mprec.o)
                0x00006a38                __mprec_tens
 .rodata.p05.7359
                0x00006b00        0xc c:/siliconlabs/simplicitystudio/v4/developer/toolchains/gnu_arm/7.2_2017q4/bin/../lib/gcc/arm-none-eabi/7.2.1/../../../../arm-none-eabi/lib/thumb/v7e-m/fpv4-sp/softfp\libc_nano.a(lib_a-mprec.o)
 .rodata._svfprintf_r.str1.1
                0x00006b0c       0x11 c:/siliconlabs/simplicitystudio/v4/developer/toolchains/gnu_arm/7.2_2017q4/bin/../lib/gcc/arm-none-eabi/7.2.1/../../../../arm-none-eabi/lib/thumb/v7e-m/fpv4-sp/softfp\libc_nano.a(lib_a-nano-svfprintf.o)
 .rodata._setlocale_r.str1.1
                0x00006b1d        0x8 c:/siliconlabs/simplicitystudio/v4/developer/toolchains/gnu_arm/7.2_2017q4/bin/../lib/gcc/arm-none-eabi/7.2.1/../../../../arm-none-eabi/lib/thumb/v7e-m/fpv4-sp/softfp\libc_nano.a(lib_a-locale.o)
                                  0x9 (size before relaxing)
 .rodata.str1.1
                0x00006b25        0x2 c:/siliconlabs/simplicitystudio/v4/developer/toolchains/gnu_arm/7.2_2017q4/bin/../lib/gcc/arm-none-eabi/7.2.1/../../../../arm-none-eabi/lib/thumb/v7e-m/fpv4-sp/softfp\libc_nano.a(lib_a-locale.o)
 .rodata._ctype_
                0x00006b27      0x101 c:/siliconlabs/simplicitystudio/v4/developer/toolchains/gnu_arm/7.2_2017q4/bin/../lib/gcc/arm-none-eabi/7.2.1/../../../../arm-none-eabi/lib/thumb/v7e-m/fpv4-sp/softfp\libc_nano.a(lib_a-ctype_.o)
                0x00006b27                _ctype_
 *(.eh_frame*)
 .eh_frame      0x00006c28        0x0 c:/siliconlabs/simplicitystudio/v4/developer/toolchains/gnu_arm/7.2_2017q4/bin/../lib/gcc/arm-none-eabi/7.2.1/thumb/v7e-m/fpv4-sp/softfp/crtbegin.o
 .eh_frame      0x00006c28        0x4 c:/siliconlabs/simplicitystudio/v4/developer/toolchains/gnu_arm/7.2_2017q4/bin/../lib/gcc/arm-none-eabi/7.2.1/thumb/v7e-m/fpv4-sp/softfp/crtend.o

.glue_7         0x00006c2c        0x0
 .glue_7        0x00006c2c        0x0 linker stubs

.glue_7t        0x00006c2c        0x0
 .glue_7t       0x00006c2c        0x0 linker stubs

.vfp11_veneer   0x00006c2c        0x0
 .vfp11_veneer  0x00006c2c        0x0 linker stubs

.v4_bx          0x00006c2c        0x0
 .v4_bx         0x00006c2c        0x0 linker stubs

.iplt           0x00006c2c        0x0
 .iplt          0x00006c2c        0x0 c:/siliconlabs/simplicitystudio/v4/developer/toolchains/gnu_arm/7.2_2017q4/bin/../lib/gcc/arm-none-eabi/7.2.1/thumb/v7e-m/fpv4-sp/softfp/crtbegin.o

.ARM.extab
 *(.ARM.extab* .gnu.linkonce.armextab.*)
                0x00006c2c                __exidx_start = .

.ARM.exidx      0x00006c2c        0x8
 *(.ARM.exidx* .gnu.linkonce.armexidx.*)
 .ARM.exidx     0x00006c2c        0x8 c:/siliconlabs/simplicitystudio/v4/developer/toolchains/gnu_arm/7.2_2017q4/bin/../lib/gcc/arm-none-eabi/7.2.1/../../../../arm-none-eabi/lib/thumb/v7e-m/fpv4-sp/softfp/crt0.o
                0x00006c34                __exidx_end = .
                0x00006c34                __etext = .

.rel.dyn        0x00006c34        0x0
 .rel.iplt      0x00006c34        0x0 c:/siliconlabs/simplicitystudio/v4/developer/toolchains/gnu_arm/7.2_2017q4/bin/../lib/gcc/arm-none-eabi/7.2.1/thumb/v7e-m/fpv4-sp/softfp/crtbegin.o

.data           0x20000000      0x200 load address 0x00006c34
                0x20000000                __data_start__ = .
 *(vtable)
 *(.data*)
 .data.SystemCoreClock
                0x20000000        0x4 ./CMSIS/EFM32PG12B/system_efm32pg12b.o
                0x20000000                SystemCoreClock
 .data.SystemHFXOClock
                0x20000004        0x4 ./CMSIS/EFM32PG12B/system_efm32pg12b.o
 .data.SystemHfrcoFreq
                0x20000008        0x4 ./CMSIS/EFM32PG12B/system_efm32pg12b.o
                0x20000008                SystemHfrcoFreq
 .data.SystemLFXOClock
                0x2000000c        0x4 ./CMSIS/EFM32PG12B/system_efm32pg12b.o
 .data.auxHfrcoFreq
                0x20000010        0x4 ./emlib/em_cmu.o
 .data._impure_ptr
                0x20000014        0x4 c:/siliconlabs/simplicitystudio/v4/developer/toolchains/gnu_arm/7.2_2017q4/bin/../lib/gcc/arm-none-eabi/7.2.1/../../../../arm-none-eabi/lib/thumb/v7e-m/fpv4-sp/softfp\libc_nano.a(lib_a-impure.o)
                0x20000014                _impure_ptr
 .data.impure_data
                0x20000018       0x60 c:/siliconlabs/simplicitystudio/v4/developer/toolchains/gnu_arm/7.2_2017q4/bin/../lib/gcc/arm-none-eabi/7.2.1/../../../../arm-none-eabi/lib/thumb/v7e-m/fpv4-sp/softfp\libc_nano.a(lib_a-impure.o)
 .data.__global_locale
                0x20000078      0x16c c:/siliconlabs/simplicitystudio/v4/developer/toolchains/gnu_arm/7.2_2017q4/bin/../lib/gcc/arm-none-eabi/7.2.1/../../../../arm-none-eabi/lib/thumb/v7e-m/fpv4-sp/softfp\libc_nano.a(lib_a-locale.o)
                0x20000078                __global_locale
                0x200001e4                . = ALIGN (0x4)
                [!provide]                PROVIDE (__ram_func_section_start, .)
 *(.ram)
 .ram           0x200001e4       0x14 ./emlib/em_emu.o
                [!provide]                PROVIDE (__ram_func_section_end, .)
                0x200001f8                . = ALIGN (0x4)
                0x200001f8                PROVIDE (__preinit_array_start, .)
 *(.preinit_array)
                0x200001f8                PROVIDE (__preinit_array_end, .)
                0x200001f8                . = ALIGN (0x4)
                0x200001f8                PROVIDE (__init_array_start, .)
 *(SORT_BY_NAME(.init_array.*))
 *(.init_array)
 .init_array    0x200001f8        0x4 c:/siliconlabs/simplicitystudio/v4/developer/toolchains/gnu_arm/7.2_2017q4/bin/../lib/gcc/arm-none-eabi/7.2.1/thumb/v7e-m/fpv4-sp/softfp/crtbegin.o
                0x200001fc                PROVIDE (__init_array_end, .)
                0x200001fc                . = ALIGN (0x4)
                [!provide]                PROVIDE (__fini_array_start, .)
 *(SORT_BY_NAME(.fini_array.*))
 *(.fini_array)
 .fini_array    0x200001fc        0x4 c:/siliconlabs/simplicitystudio/v4/developer/toolchains/gnu_arm/7.2_2017q4/bin/../lib/gcc/arm-none-eabi/7.2.1/thumb/v7e-m/fpv4-sp/softfp/crtbegin.o
                [!provide]                PROVIDE (__fini_array_end, .)
 *(.jcr*)
                0x20000200                . = ALIGN (0x4)
                0x20000200                __data_end__ = .

.igot.plt       0x20000200        0x0 load address 0x00006e34
 .igot.plt      0x20000200        0x0 c:/siliconlabs/simplicitystudio/v4/developer/toolchains/gnu_arm/7.2_2017q4/bin/../lib/gcc/arm-none-eabi/7.2.1/thumb/v7e-m/fpv4-sp/softfp/crtbegin.o

.bss            0x20000200      0x230 load address 0x00006e34
                0x20000200                . = ALIGN (0x4)
                0x20000200                __bss_start__ = .
 *(.bss*)
 .bss           0x20000200       0x1c c:/siliconlabs/simplicitystudio/v4/developer/toolchains/gnu_arm/7.2_2017q4/bin/../lib/gcc/arm-none-eabi/7.2.1/thumb/v7e-m/fpv4-sp/softfp/crtbegin.o
 .bss.cmuStatus.7817
                0x2000021c        0x4 ./emlib/em_emu.o
 .bss.dcdcEm01LoadCurrent_mA
                0x20000220        0x2 ./emlib/em_emu.o
 .bss.dcdcMaxCurrent_mA
                0x20000222        0x2 ./emlib/em_emu.o
 .bss.dcdcReverseCurrentControl
                0x20000224        0x2 ./emlib/em_emu.o
 .bss.hfClock.7818
                0x20000226        0x1 ./emlib/em_emu.o
 *fill*         0x20000227        0x1 
 .bss.hfrcoCtrl.7820
                0x20000228        0x4 ./emlib/em_emu.o
 .bss.vScaleEM01Config
                0x2000022c        0x1 ./emlib/em_emu.o
 .bss.vScaleStatus.7819
                0x2000022d        0x1 ./emlib/em_emu.o
 *fill*         0x2000022e        0x2 
 .bss.result    0x20000230        0x4 ./src/Source_Files/SI7021.o
 .bss.ble_cbuf  0x20000234       0x50 ./src/Source_Files/ble.o
 .bss.STATE_MACHINE
                0x20000284       0x20 ./src/Source_Files/i2c.o
 .bss.scheduled_comp0_cb
                0x200002a4        0x4 ./src/Source_Files/letimer.o
 .bss.scheduled_comp1_cb
                0x200002a8        0x4 ./src/Source_Files/letimer.o
 .bss.scheduled_uf_cb
                0x200002ac        0x4 ./src/Source_Files/letimer.o
 .bss.event_scheduled
                0x200002b0        0x4 ./src/Source_Files/scheduler.o
 .bss.lowest_energy_modes
                0x200002b4       0x14 ./src/Source_Files/sleep_routines.o
 .bss.__malloc_free_list
                0x200002c8        0x4 c:/siliconlabs/simplicitystudio/v4/developer/toolchains/gnu_arm/7.2_2017q4/bin/../lib/gcc/arm-none-eabi/7.2.1/../../../../arm-none-eabi/lib/thumb/v7e-m/fpv4-sp/softfp\libc_nano.a(lib_a-nano-mallocr.o)
                0x200002c8                __malloc_free_list
 .bss.__malloc_sbrk_start
                0x200002cc        0x4 c:/siliconlabs/simplicitystudio/v4/developer/toolchains/gnu_arm/7.2_2017q4/bin/../lib/gcc/arm-none-eabi/7.2.1/../../../../arm-none-eabi/lib/thumb/v7e-m/fpv4-sp/softfp\libc_nano.a(lib_a-nano-mallocr.o)
                0x200002cc                __malloc_sbrk_start
 .bss.heap_end.5377
                0x200002d0        0x4 c:/siliconlabs/simplicitystudio/v4/developer/toolchains/gnu_arm/7.2_2017q4/bin/../lib/gcc/arm-none-eabi/7.2.1/../../../../arm-none-eabi/lib/thumb/v7e-m/fpv4-sp/softfp\libnosys.a(sbrk.o)
 *(COMMON)
 COMMON         0x200002d4      0x100 ./src/Source_Files/ble.o
                0x200002d4                test_struct
 COMMON         0x200003d4       0x58 ./src/Source_Files/leuart.o
                0x200003d4                SM
                0x20000420                rx_done_evt
                0x20000424                leuart0_tx_busy
                0x20000428                tx_done_evt
 COMMON         0x2000042c        0x4 c:/siliconlabs/simplicitystudio/v4/developer/toolchains/gnu_arm/7.2_2017q4/bin/../lib/gcc/arm-none-eabi/7.2.1/../../../../arm-none-eabi/lib/thumb/v7e-m/fpv4-sp/softfp\libc_nano.a(lib_a-reent.o)
                0x2000042c                errno
                0x20000430                . = ALIGN (0x4)
                0x20000430                __bss_end__ = .

.heap           0x20000430      0xc00
                0x20000430                __HeapBase = .
                0x20000430                __end__ = .
                0x20000430                end = __end__
                0x20000430                _end = __end__
 *(.heap*)
 .heap          0x20000430      0xc00 ./CMSIS/EFM32PG12B/startup_gcc_efm32pg12b.o
                0x20001030                __HeapLimit = .

.stack_dummy    0x20000430      0x400
 *(.stack*)
 .stack         0x20000430      0x400 ./CMSIS/EFM32PG12B/startup_gcc_efm32pg12b.o
                0x20040000                __StackTop = (ORIGIN (RAM) + LENGTH (RAM))
                0x2003fc00                __StackLimit = (__StackTop - SIZEOF (.stack_dummy))
                0x20040000                PROVIDE (__stack, __StackTop)
                0x00000001                ASSERT ((__StackLimit >= __HeapLimit), region RAM overflowed with stack)
                0x00000001                ASSERT ((LENGTH (FLASH) >= (__etext + SIZEOF (.data))), FLASH memory overflowed !)
OUTPUT(NW_CB_Lab.axf elf32-littlearm)

.ARM.attributes
                0x00000000       0x2e
 .ARM.attributes
                0x00000000       0x22 c:/siliconlabs/simplicitystudio/v4/developer/toolchains/gnu_arm/7.2_2017q4/bin/../lib/gcc/arm-none-eabi/7.2.1/thumb/v7e-m/fpv4-sp/softfp/crti.o
 .ARM.attributes
                0x00000022       0x32 c:/siliconlabs/simplicitystudio/v4/developer/toolchains/gnu_arm/7.2_2017q4/bin/../lib/gcc/arm-none-eabi/7.2.1/thumb/v7e-m/fpv4-sp/softfp/crtbegin.o
 .ARM.attributes
                0x00000054       0x20 c:/siliconlabs/simplicitystudio/v4/developer/toolchains/gnu_arm/7.2_2017q4/bin/../lib/gcc/arm-none-eabi/7.2.1/../../../../arm-none-eabi/lib/thumb/v7e-m/fpv4-sp/softfp/crt0.o
 .ARM.attributes
                0x00000074       0x1f ./CMSIS/EFM32PG12B/startup_gcc_efm32pg12b.o
 .ARM.attributes
                0x00000093       0x37 ./CMSIS/EFM32PG12B/system_efm32pg12b.o
 .ARM.attributes
                0x000000ca       0x37 ./emlib/em_assert.o
 .ARM.attributes
                0x00000101       0x37 ./emlib/em_cmu.o
 .ARM.attributes
                0x00000138       0x37 ./emlib/em_core.o
 .ARM.attributes
                0x0000016f       0x37 ./emlib/em_emu.o
 .ARM.attributes
                0x000001a6       0x37 ./emlib/em_gpio.o
 .ARM.attributes
                0x000001dd       0x37 ./emlib/em_i2c.o
 .ARM.attributes
                0x00000214       0x37 ./emlib/em_letimer.o
 .ARM.attributes
                0x0000024b       0x37 ./emlib/em_leuart.o
 .ARM.attributes
                0x00000282       0x37 ./emlib/em_timer.o
 .ARM.attributes
                0x000002b9       0x37 ./src/Source_Files/HW_Delay.o
 .ARM.attributes
                0x000002f0       0x37 ./src/Source_Files/SI7021.o
 .ARM.attributes
                0x00000327       0x37 ./src/Source_Files/app.o
 .ARM.attributes
                0x0000035e       0x37 ./src/Source_Files/ble.o
 .ARM.attributes
                0x00000395       0x37 ./src/Source_Files/cmu.o
 .ARM.attributes
                0x000003cc       0x37 ./src/Source_Files/gpio.o
 .ARM.attributes
                0x00000403       0x37 ./src/Source_Files/i2c.o
 .ARM.attributes
                0x0000043a       0x37 ./src/Source_Files/letimer.o
 .ARM.attributes
                0x00000471       0x37 ./src/Source_Files/leuart.o
 .ARM.attributes
                0x000004a8       0x37 ./src/Source_Files/scheduler.o
 .ARM.attributes
                0x000004df       0x37 ./src/Source_Files/sleep_routines.o
 .ARM.attributes
                0x00000516       0x37 ./src/main.o
 .ARM.attributes
                0x0000054d       0x22 c:/siliconlabs/simplicitystudio/v4/developer/toolchains/gnu_arm/7.2_2017q4/bin/../lib/gcc/arm-none-eabi/7.2.1/thumb/v7e-m/fpv4-sp/softfp\libgcc.a(_arm_addsubdf3.o)
 .ARM.attributes
                0x0000056f       0x22 c:/siliconlabs/simplicitystudio/v4/developer/toolchains/gnu_arm/7.2_2017q4/bin/../lib/gcc/arm-none-eabi/7.2.1/thumb/v7e-m/fpv4-sp/softfp\libgcc.a(_arm_muldivdf3.o)
 .ARM.attributes
                0x00000591       0x22 c:/siliconlabs/simplicitystudio/v4/developer/toolchains/gnu_arm/7.2_2017q4/bin/../lib/gcc/arm-none-eabi/7.2.1/thumb/v7e-m/fpv4-sp/softfp\libgcc.a(_arm_truncdfsf2.o)
 .ARM.attributes
                0x000005b3       0x32 c:/siliconlabs/simplicitystudio/v4/developer/toolchains/gnu_arm/7.2_2017q4/bin/../lib/gcc/arm-none-eabi/7.2.1/../../../../arm-none-eabi/lib/thumb/v7e-m/fpv4-sp/softfp\libc_nano.a(lib_a-abs.o)
 .ARM.attributes
                0x000005e5       0x32 c:/siliconlabs/simplicitystudio/v4/developer/toolchains/gnu_arm/7.2_2017q4/bin/../lib/gcc/arm-none-eabi/7.2.1/../../../../arm-none-eabi/lib/thumb/v7e-m/fpv4-sp/softfp\libc_nano.a(lib_a-exit.o)
 .ARM.attributes
                0x00000617       0x32 c:/siliconlabs/simplicitystudio/v4/developer/toolchains/gnu_arm/7.2_2017q4/bin/../lib/gcc/arm-none-eabi/7.2.1/../../../../arm-none-eabi/lib/thumb/v7e-m/fpv4-sp/softfp\libc_nano.a(lib_a-impure.o)
 .ARM.attributes
                0x00000649       0x32 c:/siliconlabs/simplicitystudio/v4/developer/toolchains/gnu_arm/7.2_2017q4/bin/../lib/gcc/arm-none-eabi/7.2.1/../../../../arm-none-eabi/lib/thumb/v7e-m/fpv4-sp/softfp\libc_nano.a(lib_a-init.o)
 .ARM.attributes
                0x0000067b       0x32 c:/siliconlabs/simplicitystudio/v4/developer/toolchains/gnu_arm/7.2_2017q4/bin/../lib/gcc/arm-none-eabi/7.2.1/../../../../arm-none-eabi/lib/thumb/v7e-m/fpv4-sp/softfp\libc_nano.a(lib_a-memcpy-stub.o)
 .ARM.attributes
                0x000006ad       0x32 c:/siliconlabs/simplicitystudio/v4/developer/toolchains/gnu_arm/7.2_2017q4/bin/../lib/gcc/arm-none-eabi/7.2.1/../../../../arm-none-eabi/lib/thumb/v7e-m/fpv4-sp/softfp\libc_nano.a(lib_a-memset.o)
 .ARM.attributes
                0x000006df       0x32 c:/siliconlabs/simplicitystudio/v4/developer/toolchains/gnu_arm/7.2_2017q4/bin/../lib/gcc/arm-none-eabi/7.2.1/../../../../arm-none-eabi/lib/thumb/v7e-m/fpv4-sp/softfp\libc_nano.a(lib_a-nano-vfprintf_float.o)
 .ARM.attributes
                0x00000711       0x32 c:/siliconlabs/simplicitystudio/v4/developer/toolchains/gnu_arm/7.2_2017q4/bin/../lib/gcc/arm-none-eabi/7.2.1/../../../../arm-none-eabi/lib/thumb/v7e-m/fpv4-sp/softfp\libc_nano.a(lib_a-nano-vfprintf_i.o)
 .ARM.attributes
                0x00000743       0x32 c:/siliconlabs/simplicitystudio/v4/developer/toolchains/gnu_arm/7.2_2017q4/bin/../lib/gcc/arm-none-eabi/7.2.1/../../../../arm-none-eabi/lib/thumb/v7e-m/fpv4-sp/softfp\libc_nano.a(lib_a-sprintf.o)
 .ARM.attributes
                0x00000775       0x32 c:/siliconlabs/simplicitystudio/v4/developer/toolchains/gnu_arm/7.2_2017q4/bin/../lib/gcc/arm-none-eabi/7.2.1/../../../../arm-none-eabi/lib/thumb/v7e-m/fpv4-sp/softfp\libc_nano.a(lib_a-strcat.o)
 .ARM.attributes
                0x000007a7       0x32 c:/siliconlabs/simplicitystudio/v4/developer/toolchains/gnu_arm/7.2_2017q4/bin/../lib/gcc/arm-none-eabi/7.2.1/../../../../arm-none-eabi/lib/thumb/v7e-m/fpv4-sp/softfp\libc_nano.a(lib_a-strcpy.o)
 .ARM.attributes
                0x000007d9       0x1b c:/siliconlabs/simplicitystudio/v4/developer/toolchains/gnu_arm/7.2_2017q4/bin/../lib/gcc/arm-none-eabi/7.2.1/../../../../arm-none-eabi/lib/thumb/v7e-m/fpv4-sp/softfp\libc_nano.a(lib_a-strlen.o)
 .ARM.attributes
                0x000007f4       0x32 c:/siliconlabs/simplicitystudio/v4/developer/toolchains/gnu_arm/7.2_2017q4/bin/../lib/gcc/arm-none-eabi/7.2.1/../../../../arm-none-eabi/lib/thumb/v7e-m/fpv4-sp/softfp\libc_nano.a(lib_a-dtoa.o)
 .ARM.attributes
                0x00000826       0x32 c:/siliconlabs/simplicitystudio/v4/developer/toolchains/gnu_arm/7.2_2017q4/bin/../lib/gcc/arm-none-eabi/7.2.1/../../../../arm-none-eabi/lib/thumb/v7e-m/fpv4-sp/softfp\libc_nano.a(lib_a-localeconv.o)
 .ARM.attributes
                0x00000858       0x32 c:/siliconlabs/simplicitystudio/v4/developer/toolchains/gnu_arm/7.2_2017q4/bin/../lib/gcc/arm-none-eabi/7.2.1/../../../../arm-none-eabi/lib/thumb/v7e-m/fpv4-sp/softfp\libc_nano.a(lib_a-malloc.o)
 .ARM.attributes
                0x0000088a       0x20 c:/siliconlabs/simplicitystudio/v4/developer/toolchains/gnu_arm/7.2_2017q4/bin/../lib/gcc/arm-none-eabi/7.2.1/../../../../arm-none-eabi/lib/thumb/v7e-m/fpv4-sp/softfp\libc_nano.a(lib_a-memchr.o)
 .ARM.attributes
                0x000008aa       0x32 c:/siliconlabs/simplicitystudio/v4/developer/toolchains/gnu_arm/7.2_2017q4/bin/../lib/gcc/arm-none-eabi/7.2.1/../../../../arm-none-eabi/lib/thumb/v7e-m/fpv4-sp/softfp\libc_nano.a(lib_a-mprec.o)
 .ARM.attributes
                0x000008dc       0x32 c:/siliconlabs/simplicitystudio/v4/developer/toolchains/gnu_arm/7.2_2017q4/bin/../lib/gcc/arm-none-eabi/7.2.1/../../../../arm-none-eabi/lib/thumb/v7e-m/fpv4-sp/softfp\libc_nano.a(lib_a-nano-callocr.o)
 .ARM.attributes
                0x0000090e       0x32 c:/siliconlabs/simplicitystudio/v4/developer/toolchains/gnu_arm/7.2_2017q4/bin/../lib/gcc/arm-none-eabi/7.2.1/../../../../arm-none-eabi/lib/thumb/v7e-m/fpv4-sp/softfp\libc_nano.a(lib_a-nano-freer.o)
 .ARM.attributes
                0x00000940       0x32 c:/siliconlabs/simplicitystudio/v4/developer/toolchains/gnu_arm/7.2_2017q4/bin/../lib/gcc/arm-none-eabi/7.2.1/../../../../arm-none-eabi/lib/thumb/v7e-m/fpv4-sp/softfp\libc_nano.a(lib_a-nano-mallocr.o)
 .ARM.attributes
                0x00000972       0x32 c:/siliconlabs/simplicitystudio/v4/developer/toolchains/gnu_arm/7.2_2017q4/bin/../lib/gcc/arm-none-eabi/7.2.1/../../../../arm-none-eabi/lib/thumb/v7e-m/fpv4-sp/softfp\libc_nano.a(lib_a-nano-svfprintf.o)
 .ARM.attributes
                0x000009a4       0x32 c:/siliconlabs/simplicitystudio/v4/developer/toolchains/gnu_arm/7.2_2017q4/bin/../lib/gcc/arm-none-eabi/7.2.1/../../../../arm-none-eabi/lib/thumb/v7e-m/fpv4-sp/softfp\libc_nano.a(lib_a-sbrkr.o)
 .ARM.attributes
                0x000009d6       0x32 c:/siliconlabs/simplicitystudio/v4/developer/toolchains/gnu_arm/7.2_2017q4/bin/../lib/gcc/arm-none-eabi/7.2.1/../../../../arm-none-eabi/lib/thumb/v7e-m/fpv4-sp/softfp\libc_nano.a(lib_a-locale.o)
 .ARM.attributes
                0x00000a08       0x32 c:/siliconlabs/simplicitystudio/v4/developer/toolchains/gnu_arm/7.2_2017q4/bin/../lib/gcc/arm-none-eabi/7.2.1/../../../../arm-none-eabi/lib/thumb/v7e-m/fpv4-sp/softfp\libc_nano.a(lib_a-mbtowc_r.o)
 .ARM.attributes
                0x00000a3a       0x32 c:/siliconlabs/simplicitystudio/v4/developer/toolchains/gnu_arm/7.2_2017q4/bin/../lib/gcc/arm-none-eabi/7.2.1/../../../../arm-none-eabi/lib/thumb/v7e-m/fpv4-sp/softfp\libc_nano.a(lib_a-memmove.o)
 .ARM.attributes
                0x00000a6c       0x32 c:/siliconlabs/simplicitystudio/v4/developer/toolchains/gnu_arm/7.2_2017q4/bin/../lib/gcc/arm-none-eabi/7.2.1/../../../../arm-none-eabi/lib/thumb/v7e-m/fpv4-sp/softfp\libc_nano.a(lib_a-mlock.o)
 .ARM.attributes
                0x00000a9e       0x32 c:/siliconlabs/simplicitystudio/v4/developer/toolchains/gnu_arm/7.2_2017q4/bin/../lib/gcc/arm-none-eabi/7.2.1/../../../../arm-none-eabi/lib/thumb/v7e-m/fpv4-sp/softfp\libc_nano.a(lib_a-nano-reallocr.o)
 .ARM.attributes
                0x00000ad0       0x32 c:/siliconlabs/simplicitystudio/v4/developer/toolchains/gnu_arm/7.2_2017q4/bin/../lib/gcc/arm-none-eabi/7.2.1/../../../../arm-none-eabi/lib/thumb/v7e-m/fpv4-sp/softfp\libc_nano.a(lib_a-reent.o)
 .ARM.attributes
                0x00000b02       0x32 c:/siliconlabs/simplicitystudio/v4/developer/toolchains/gnu_arm/7.2_2017q4/bin/../lib/gcc/arm-none-eabi/7.2.1/../../../../arm-none-eabi/lib/thumb/v7e-m/fpv4-sp/softfp\libc_nano.a(lib_a-wctomb_r.o)
 .ARM.attributes
                0x00000b34       0x32 c:/siliconlabs/simplicitystudio/v4/developer/toolchains/gnu_arm/7.2_2017q4/bin/../lib/gcc/arm-none-eabi/7.2.1/../../../../arm-none-eabi/lib/thumb/v7e-m/fpv4-sp/softfp\libc_nano.a(lib_a-ctype_.o)
 .ARM.attributes
                0x00000b66       0x32 c:/siliconlabs/simplicitystudio/v4/developer/toolchains/gnu_arm/7.2_2017q4/bin/../lib/gcc/arm-none-eabi/7.2.1/../../../../arm-none-eabi/lib/thumb/v7e-m/fpv4-sp/softfp\libc_nano.a(lib_a-nano-msizer.o)
 .ARM.attributes
                0x00000b98       0x32 c:/siliconlabs/simplicitystudio/v4/developer/toolchains/gnu_arm/7.2_2017q4/bin/../lib/gcc/arm-none-eabi/7.2.1/../../../../arm-none-eabi/lib/thumb/v7e-m/fpv4-sp/softfp\libnosys.a(sbrk.o)
 .ARM.attributes
                0x00000bca       0x32 c:/siliconlabs/simplicitystudio/v4/developer/toolchains/gnu_arm/7.2_2017q4/bin/../lib/gcc/arm-none-eabi/7.2.1/../../../../arm-none-eabi/lib/thumb/v7e-m/fpv4-sp/softfp\libnosys.a(_exit.o)
 .ARM.attributes
                0x00000bfc       0x22 c:/siliconlabs/simplicitystudio/v4/developer/toolchains/gnu_arm/7.2_2017q4/bin/../lib/gcc/arm-none-eabi/7.2.1/thumb/v7e-m/fpv4-sp/softfp\libgcc.a(_arm_cmpdf2.o)
 .ARM.attributes
                0x00000c1e       0x22 c:/siliconlabs/simplicitystudio/v4/developer/toolchains/gnu_arm/7.2_2017q4/bin/../lib/gcc/arm-none-eabi/7.2.1/thumb/v7e-m/fpv4-sp/softfp\libgcc.a(_arm_unorddf2.o)
 .ARM.attributes
                0x00000c40       0x22 c:/siliconlabs/simplicitystudio/v4/developer/toolchains/gnu_arm/7.2_2017q4/bin/../lib/gcc/arm-none-eabi/7.2.1/thumb/v7e-m/fpv4-sp/softfp\libgcc.a(_arm_fixdfsi.o)
 .ARM.attributes
                0x00000c62       0x32 c:/siliconlabs/simplicitystudio/v4/developer/toolchains/gnu_arm/7.2_2017q4/bin/../lib/gcc/arm-none-eabi/7.2.1/thumb/v7e-m/fpv4-sp/softfp/crtend.o
 .ARM.attributes
                0x00000c94       0x22 c:/siliconlabs/simplicitystudio/v4/developer/toolchains/gnu_arm/7.2_2017q4/bin/../lib/gcc/arm-none-eabi/7.2.1/thumb/v7e-m/fpv4-sp/softfp/crtn.o

.comment        0x00000000       0x7e
 .comment       0x00000000       0x7e ./CMSIS/EFM32PG12B/system_efm32pg12b.o
                                 0x7f (size before relaxing)
 .comment       0x0000007e       0x7f ./emlib/em_assert.o
 .comment       0x0000007e       0x7f ./emlib/em_cmu.o
 .comment       0x0000007e       0x7f ./emlib/em_core.o
 .comment       0x0000007e       0x7f ./emlib/em_emu.o
 .comment       0x0000007e       0x7f ./emlib/em_gpio.o
 .comment       0x0000007e       0x7f ./emlib/em_i2c.o
 .comment       0x0000007e       0x7f ./emlib/em_letimer.o
 .comment       0x0000007e       0x7f ./emlib/em_leuart.o
 .comment       0x0000007e       0x7f ./emlib/em_timer.o
 .comment       0x0000007e       0x7f ./src/Source_Files/HW_Delay.o
 .comment       0x0000007e       0x7f ./src/Source_Files/SI7021.o
 .comment       0x0000007e       0x7f ./src/Source_Files/app.o
 .comment       0x0000007e       0x7f ./src/Source_Files/ble.o
 .comment       0x0000007e       0x7f ./src/Source_Files/cmu.o
 .comment       0x0000007e       0x7f ./src/Source_Files/gpio.o
 .comment       0x0000007e       0x7f ./src/Source_Files/i2c.o
 .comment       0x0000007e       0x7f ./src/Source_Files/letimer.o
 .comment       0x0000007e       0x7f ./src/Source_Files/leuart.o
 .comment       0x0000007e       0x7f ./src/Source_Files/scheduler.o
 .comment       0x0000007e       0x7f ./src/Source_Files/sleep_routines.o
 .comment       0x0000007e       0x7f ./src/main.o

.debug_line     0x00000000     0xf81c
 .debug_line    0x00000000       0x78 ./CMSIS/EFM32PG12B/startup_gcc_efm32pg12b.o
 .debug_line    0x00000078      0x8c6 ./CMSIS/EFM32PG12B/system_efm32pg12b.o
 .debug_line    0x0000093e      0x12a ./emlib/em_assert.o
 .debug_line    0x00000a68     0x1ae5 ./emlib/em_cmu.o
 .debug_line    0x0000254d      0xae7 ./emlib/em_core.o
 .debug_line    0x00003034     0x141e ./emlib/em_emu.o
 .debug_line    0x00004452      0xb82 ./emlib/em_gpio.o
 .debug_line    0x00004fd4      0xc56 ./emlib/em_i2c.o
 .debug_line    0x00005c2a      0xa9a ./emlib/em_letimer.o
 .debug_line    0x000066c4      0xa85 ./emlib/em_leuart.o
 .debug_line    0x00007149      0xa6c ./emlib/em_timer.o
 .debug_line    0x00007bb5      0x92d ./src/Source_Files/HW_Delay.o
 .debug_line    0x000084e2      0x98b ./src/Source_Files/SI7021.o
 .debug_line    0x00008e6d      0xba2 ./src/Source_Files/app.o
 .debug_line    0x00009a0f      0xcb5 ./src/Source_Files/ble.o
 .debug_line    0x0000a6c4      0x8e6 ./src/Source_Files/cmu.o
 .debug_line    0x0000afaa      0x8fe ./src/Source_Files/gpio.o
 .debug_line    0x0000b8a8      0xb16 ./src/Source_Files/i2c.o
 .debug_line    0x0000c3be      0xa51 ./src/Source_Files/letimer.o
 .debug_line    0x0000ce0f      0xbdf ./src/Source_Files/leuart.o
 .debug_line    0x0000d9ee      0x94b ./src/Source_Files/scheduler.o
 .debug_line    0x0000e339      0x98b ./src/Source_Files/sleep_routines.o
 .debug_line    0x0000ecc4      0xb58 ./src/main.o

.debug_info     0x00000000    0x17b6e
 .debug_info    0x00000000       0x26 ./CMSIS/EFM32PG12B/startup_gcc_efm32pg12b.o
 .debug_info    0x00000026      0x9b5 ./CMSIS/EFM32PG12B/system_efm32pg12b.o
 .debug_info    0x000009db       0x7b ./emlib/em_assert.o
 .debug_info    0x00000a56     0x47e6 ./emlib/em_cmu.o
 .debug_info    0x0000523c      0xe9b ./emlib/em_core.o
 .debug_info    0x000060d7     0x361b ./emlib/em_emu.o
 .debug_info    0x000096f2     0x10ed ./emlib/em_gpio.o
 .debug_info    0x0000a7df      0xf81 ./emlib/em_i2c.o
 .debug_info    0x0000b760      0x8b2 ./emlib/em_letimer.o
 .debug_info    0x0000c012      0xcee ./emlib/em_leuart.o
 .debug_info    0x0000cd00      0xc08 ./emlib/em_timer.o
 .debug_info    0x0000d908      0x80e ./src/Source_Files/HW_Delay.o
 .debug_info    0x0000e116      0x424 ./src/Source_Files/SI7021.o
 .debug_info    0x0000e53a     0x1613 ./src/Source_Files/app.o
 .debug_info    0x0000fb4d     0x1bdf ./src/Source_Files/ble.o
 .debug_info    0x0001172c      0x452 ./src/Source_Files/cmu.o
 .debug_info    0x00011b7e      0x55d ./src/Source_Files/gpio.o
 .debug_info    0x000120db      0xf43 ./src/Source_Files/i2c.o
 .debug_info    0x0001301e      0xbfb ./src/Source_Files/letimer.o
 .debug_info    0x00013c19     0x18a2 ./src/Source_Files/leuart.o
 .debug_info    0x000154bb      0x25b ./src/Source_Files/scheduler.o
 .debug_info    0x00015716      0x551 ./src/Source_Files/sleep_routines.o
 .debug_info    0x00015c67     0x1f07 ./src/main.o

.debug_abbrev   0x00000000     0x3e09
 .debug_abbrev  0x00000000       0x14 ./CMSIS/EFM32PG12B/startup_gcc_efm32pg12b.o
 .debug_abbrev  0x00000014      0x24e ./CMSIS/EFM32PG12B/system_efm32pg12b.o
 .debug_abbrev  0x00000262       0x68 ./emlib/em_assert.o
 .debug_abbrev  0x000002ca      0x51a ./emlib/em_cmu.o
 .debug_abbrev  0x000007e4      0x36f ./emlib/em_core.o
 .debug_abbrev  0x00000b53      0x524 ./emlib/em_emu.o
 .debug_abbrev  0x00001077      0x2e0 ./emlib/em_gpio.o
 .debug_abbrev  0x00001357      0x3e2 ./emlib/em_i2c.o
 .debug_abbrev  0x00001739      0x353 ./emlib/em_letimer.o
 .debug_abbrev  0x00001a8c      0x3a8 ./emlib/em_leuart.o
 .debug_abbrev  0x00001e34      0x267 ./emlib/em_timer.o
 .debug_abbrev  0x0000209b      0x23b ./src/Source_Files/HW_Delay.o
 .debug_abbrev  0x000022d6      0x17c ./src/Source_Files/SI7021.o
 .debug_abbrev  0x00002452      0x30f ./src/Source_Files/app.o
 .debug_abbrev  0x00002761      0x42f ./src/Source_Files/ble.o
 .debug_abbrev  0x00002b90      0x12a ./src/Source_Files/cmu.o
 .debug_abbrev  0x00002cba      0x12a ./src/Source_Files/gpio.o
 .debug_abbrev  0x00002de4      0x353 ./src/Source_Files/i2c.o
 .debug_abbrev  0x00003137      0x288 ./src/Source_Files/letimer.o
 .debug_abbrev  0x000033bf      0x46a ./src/Source_Files/leuart.o
 .debug_abbrev  0x00003829      0x137 ./src/Source_Files/scheduler.o
 .debug_abbrev  0x00003960      0x1e8 ./src/Source_Files/sleep_routines.o
 .debug_abbrev  0x00003b48      0x2c1 ./src/main.o

.debug_aranges  0x00000000      0x858
 .debug_aranges
                0x00000000       0x20 ./CMSIS/EFM32PG12B/startup_gcc_efm32pg12b.o
 .debug_aranges
                0x00000020       0x68 ./CMSIS/EFM32PG12B/system_efm32pg12b.o
 .debug_aranges
                0x00000088       0x20 ./emlib/em_assert.o
 .debug_aranges
                0x000000a8      0x128 ./emlib/em_cmu.o
 .debug_aranges
                0x000001d0       0xb8 ./emlib/em_core.o
 .debug_aranges
                0x00000288      0x148 ./emlib/em_emu.o
 .debug_aranges
                0x000003d0       0x48 ./emlib/em_gpio.o
 .debug_aranges
                0x00000418       0x50 ./emlib/em_i2c.o
 .debug_aranges
                0x00000468       0x78 ./emlib/em_letimer.o
 .debug_aranges
                0x000004e0       0x80 ./emlib/em_leuart.o
 .debug_aranges
                0x00000560       0x38 ./emlib/em_timer.o
 .debug_aranges
                0x00000598       0x20 ./src/Source_Files/HW_Delay.o
 .debug_aranges
                0x000005b8       0x30 ./src/Source_Files/SI7021.o
 .debug_aranges
                0x000005e8       0x50 ./src/Source_Files/app.o
 .debug_aranges
                0x00000638       0x50 ./src/Source_Files/ble.o
 .debug_aranges
                0x00000688       0x20 ./src/Source_Files/cmu.o
 .debug_aranges
                0x000006a8       0x20 ./src/Source_Files/gpio.o
 .debug_aranges
                0x000006c8       0x58 ./src/Source_Files/i2c.o
 .debug_aranges
                0x00000720       0x30 ./src/Source_Files/letimer.o
 .debug_aranges
                0x00000750       0x70 ./src/Source_Files/leuart.o
 .debug_aranges
                0x000007c0       0x38 ./src/Source_Files/scheduler.o
 .debug_aranges
                0x000007f8       0x40 ./src/Source_Files/sleep_routines.o
 .debug_aranges
                0x00000838       0x20 ./src/main.o

.debug_str      0x00000000   0x15a17e
 .debug_str     0x00000000       0x95 ./CMSIS/EFM32PG12B/startup_gcc_efm32pg12b.o
 .debug_str     0x00000095   0x14e252 ./CMSIS/EFM32PG12B/system_efm32pg12b.o
                             0x14f187 (size before relaxing)
 .debug_str     0x0014e2e7       0xb8 ./emlib/em_assert.o
                               0x2dd7 (size before relaxing)
 .debug_str     0x0014e39f     0x4e87 ./emlib/em_cmu.o
                             0x1540dd (size before relaxing)
 .debug_str     0x00153226      0xc1c ./emlib/em_core.o
                             0x14fca5 (size before relaxing)
 .debug_str     0x00153e42     0x1387 ./emlib/em_emu.o
                             0x154b31 (size before relaxing)
 .debug_str     0x001551c9      0x4a3 ./emlib/em_gpio.o
                             0x14fbfc (size before relaxing)
 .debug_str     0x0015566c      0x52d ./emlib/em_i2c.o
                             0x15291f (size before relaxing)
 .debug_str     0x00155b99      0x351 ./emlib/em_letimer.o
                             0x150879 (size before relaxing)
 .debug_str     0x00155eea      0x2fc ./emlib/em_leuart.o
                             0x150b68 (size before relaxing)
 .debug_str     0x001561e6      0xa60 ./emlib/em_timer.o
                             0x14f843 (size before relaxing)
 .debug_str     0x00156c46       0x73 ./src/Source_Files/HW_Delay.o
                             0x150e82 (size before relaxing)
 .debug_str     0x00156cb9      0x4b6 ./src/Source_Files/SI7021.o
                             0x151589 (size before relaxing)
 .debug_str     0x0015716f     0x28fa ./src/Source_Files/app.o
                             0x155c7a (size before relaxing)
 .debug_str     0x00159a69      0x2ea ./src/Source_Files/ble.o
                             0x1550ed (size before relaxing)
 .debug_str     0x00159d53       0x1a ./src/Source_Files/cmu.o
                             0x1508fa (size before relaxing)
 .debug_str     0x00159d6d       0x1b ./src/Source_Files/gpio.o
                             0x150cae (size before relaxing)
 .debug_str     0x00159d88      0x164 ./src/Source_Files/i2c.o
                             0x151cc8 (size before relaxing)
 .debug_str     0x00159eec       0xbd ./src/Source_Files/letimer.o
                             0x151934 (size before relaxing)
 .debug_str     0x00159fa9       0xee ./src/Source_Files/leuart.o
                             0x155618 (size before relaxing)
 .debug_str     0x0015a097       0x30 ./src/Source_Files/scheduler.o
                             0x14facf (size before relaxing)
 .debug_str     0x0015a0c7       0x6c ./src/Source_Files/sleep_routines.o
                             0x14fb6b (size before relaxing)
 .debug_str     0x0015a133       0x4b ./src/main.o
                             0x156891 (size before relaxing)

.debug_loc      0x00000000     0xbb5c
 .debug_loc     0x00000000       0xfc ./CMSIS/EFM32PG12B/system_efm32pg12b.o
 .debug_loc     0x000000fc     0x438a ./emlib/em_cmu.o
 .debug_loc     0x00004486      0x76f ./emlib/em_core.o
 .debug_loc     0x00004bf5     0x2134 ./emlib/em_emu.o
 .debug_loc     0x00006d29      0xf89 ./emlib/em_gpio.o
 .debug_loc     0x00007cb2      0xd20 ./emlib/em_i2c.o
 .debug_loc     0x000089d2      0x61e ./emlib/em_letimer.o
 .debug_loc     0x00008ff0      0x6d3 ./emlib/em_leuart.o
 .debug_loc     0x000096c3      0x6fe ./emlib/em_timer.o
 .debug_loc     0x00009dc1       0xb6 ./src/Source_Files/HW_Delay.o
 .debug_loc     0x00009e77      0x112 ./src/Source_Files/SI7021.o
 .debug_loc     0x00009f89      0x33f ./src/Source_Files/app.o
 .debug_loc     0x0000a2c8      0x9e0 ./src/Source_Files/ble.o
 .debug_loc     0x0000aca8       0x2c ./src/Source_Files/cmu.o
 .debug_loc     0x0000acd4       0x2c ./src/Source_Files/gpio.o
 .debug_loc     0x0000ad00      0x497 ./src/Source_Files/i2c.o
 .debug_loc     0x0000b197      0x2c2 ./src/Source_Files/letimer.o
 .debug_loc     0x0000b459      0x35c ./src/Source_Files/leuart.o
 .debug_loc     0x0000b7b5      0x115 ./src/Source_Files/scheduler.o
 .debug_loc     0x0000b8ca      0x23c ./src/Source_Files/sleep_routines.o
 .debug_loc     0x0000bb06       0x56 ./src/main.o

.debug_ranges   0x00000000     0x1ba0
 .debug_ranges  0x00000000       0x58 ./CMSIS/EFM32PG12B/system_efm32pg12b.o
 .debug_ranges  0x00000058       0x10 ./emlib/em_assert.o
 .debug_ranges  0x00000068      0x9c0 ./emlib/em_cmu.o
 .debug_ranges  0x00000a28       0xd8 ./emlib/em_core.o
 .debug_ranges  0x00000b00      0x5d0 ./emlib/em_emu.o
 .debug_ranges  0x000010d0      0x368 ./emlib/em_gpio.o
 .debug_ranges  0x00001438      0x130 ./emlib/em_i2c.o
 .debug_ranges  0x00001568       0x98 ./emlib/em_letimer.o
 .debug_ranges  0x00001600      0x118 ./emlib/em_leuart.o
 .debug_ranges  0x00001718      0x130 ./emlib/em_timer.o
 .debug_ranges  0x00001848       0x10 ./src/Source_Files/HW_Delay.o
 .debug_ranges  0x00001858       0x20 ./src/Source_Files/SI7021.o
 .debug_ranges  0x00001878       0x40 ./src/Source_Files/app.o
 .debug_ranges  0x000018b8       0xb8 ./src/Source_Files/ble.o
 .debug_ranges  0x00001970       0x10 ./src/Source_Files/cmu.o
 .debug_ranges  0x00001980       0x10 ./src/Source_Files/gpio.o
 .debug_ranges  0x00001990       0x98 ./src/Source_Files/i2c.o
 .debug_ranges  0x00001a28       0x60 ./src/Source_Files/letimer.o
 .debug_ranges  0x00001a88       0x78 ./src/Source_Files/leuart.o
 .debug_ranges  0x00001b00       0x28 ./src/Source_Files/scheduler.o
 .debug_ranges  0x00001b28       0x30 ./src/Source_Files/sleep_routines.o
 .debug_ranges  0x00001b58       0x48 ./src/main.o

.debug_macro    0x00000000    0x35105
 .debug_macro   0x00000000      0x282 ./CMSIS/EFM32PG12B/system_efm32pg12b.o
 .debug_macro   0x00000282      0xa4e ./CMSIS/EFM32PG12B/system_efm32pg12b.o
 .debug_macro   0x00000cd0       0x22 ./CMSIS/EFM32PG12B/system_efm32pg12b.o
 .debug_macro   0x00000cf2       0x4f ./CMSIS/EFM32PG12B/system_efm32pg12b.o
 .debug_macro   0x00000d41       0x51 ./CMSIS/EFM32PG12B/system_efm32pg12b.o
 .debug_macro   0x00000d92       0xef ./CMSIS/EFM32PG12B/system_efm32pg12b.o
 .debug_macro   0x00000e81       0x6a ./CMSIS/EFM32PG12B/system_efm32pg12b.o
 .debug_macro   0x00000eeb      0x1df ./CMSIS/EFM32PG12B/system_efm32pg12b.o
 .debug_macro   0x000010ca      0x4b1 ./CMSIS/EFM32PG12B/system_efm32pg12b.o
 .debug_macro   0x0000157b       0x1c ./CMSIS/EFM32PG12B/system_efm32pg12b.o
 .debug_macro   0x00001597       0x22 ./CMSIS/EFM32PG12B/system_efm32pg12b.o
 .debug_macro   0x000015b9       0xdf ./CMSIS/EFM32PG12B/system_efm32pg12b.o
 .debug_macro   0x00001698      0xff5 ./CMSIS/EFM32PG12B/system_efm32pg12b.o
 .debug_macro   0x0000268d       0xe2 ./CMSIS/EFM32PG12B/system_efm32pg12b.o
 .debug_macro   0x0000276f      0xe1c ./CMSIS/EFM32PG12B/system_efm32pg12b.o
 .debug_macro   0x0000358b     0x2275 ./CMSIS/EFM32PG12B/system_efm32pg12b.o
 .debug_macro   0x00005800      0x329 ./CMSIS/EFM32PG12B/system_efm32pg12b.o
 .debug_macro   0x00005b29     0x3119 ./CMSIS/EFM32PG12B/system_efm32pg12b.o
 .debug_macro   0x00008c42     0x1bba ./CMSIS/EFM32PG12B/system_efm32pg12b.o
 .debug_macro   0x0000a7fc     0x2674 ./CMSIS/EFM32PG12B/system_efm32pg12b.o
 .debug_macro   0x0000ce70     0x1b19 ./CMSIS/EFM32PG12B/system_efm32pg12b.o
 .debug_macro   0x0000e989      0xe2b ./CMSIS/EFM32PG12B/system_efm32pg12b.o
 .debug_macro   0x0000f7b4      0x344 ./CMSIS/EFM32PG12B/system_efm32pg12b.o
 .debug_macro   0x0000faf8      0x29d ./CMSIS/EFM32PG12B/system_efm32pg12b.o
 .debug_macro   0x0000fd95     0x2763 ./CMSIS/EFM32PG12B/system_efm32pg12b.o
 .debug_macro   0x000124f8     0x31cc ./CMSIS/EFM32PG12B/system_efm32pg12b.o
 .debug_macro   0x000156c4     0x136b ./CMSIS/EFM32PG12B/system_efm32pg12b.o
 .debug_macro   0x00016a2f      0xde2 ./CMSIS/EFM32PG12B/system_efm32pg12b.o
 .debug_macro   0x00017811      0x249 ./CMSIS/EFM32PG12B/system_efm32pg12b.o
 .debug_macro   0x00017a5a     0x1042 ./CMSIS/EFM32PG12B/system_efm32pg12b.o
 .debug_macro   0x00018a9c     0x1605 ./CMSIS/EFM32PG12B/system_efm32pg12b.o
 .debug_macro   0x0001a0a1     0x3cb7 ./CMSIS/EFM32PG12B/system_efm32pg12b.o
 .debug_macro   0x0001dd58     0x23fc ./CMSIS/EFM32PG12B/system_efm32pg12b.o
 .debug_macro   0x00020154      0x70c ./CMSIS/EFM32PG12B/system_efm32pg12b.o
 .debug_macro   0x00020860     0x26ef ./CMSIS/EFM32PG12B/system_efm32pg12b.o
 .debug_macro   0x00022f4f     0x1700 ./CMSIS/EFM32PG12B/system_efm32pg12b.o
 .debug_macro   0x0002464f     0x2efb ./CMSIS/EFM32PG12B/system_efm32pg12b.o
 .debug_macro   0x0002754a      0xfaf ./CMSIS/EFM32PG12B/system_efm32pg12b.o
 .debug_macro   0x000284f9      0x6c3 ./CMSIS/EFM32PG12B/system_efm32pg12b.o
 .debug_macro   0x00028bbc     0x1021 ./CMSIS/EFM32PG12B/system_efm32pg12b.o
 .debug_macro   0x00029bdd      0x888 ./CMSIS/EFM32PG12B/system_efm32pg12b.o
 .debug_macro   0x0002a465      0x4ff ./CMSIS/EFM32PG12B/system_efm32pg12b.o
 .debug_macro   0x0002a964     0x1be1 ./CMSIS/EFM32PG12B/system_efm32pg12b.o
 .debug_macro   0x0002c545       0x40 ./CMSIS/EFM32PG12B/system_efm32pg12b.o
 .debug_macro   0x0002c585      0x2ce ./CMSIS/EFM32PG12B/system_efm32pg12b.o
 .debug_macro   0x0002c853      0x381 ./CMSIS/EFM32PG12B/system_efm32pg12b.o
 .debug_macro   0x0002cbd4      0x190 ./CMSIS/EFM32PG12B/system_efm32pg12b.o
 .debug_macro   0x0002cd64     0x27bf ./CMSIS/EFM32PG12B/system_efm32pg12b.o
 .debug_macro   0x0002f523      0x303 ./CMSIS/EFM32PG12B/system_efm32pg12b.o
 .debug_macro   0x0002f826      0x303 ./CMSIS/EFM32PG12B/system_efm32pg12b.o
 .debug_macro   0x0002fb29       0x23 ./emlib/em_assert.o
 .debug_macro   0x0002fb4c      0x3a9 ./emlib/em_cmu.o
 .debug_macro   0x0002fef5       0x58 ./emlib/em_cmu.o
 .debug_macro   0x0002ff4d      0x34d ./emlib/em_cmu.o
 .debug_macro   0x0003029a       0x25 ./emlib/em_cmu.o
 .debug_macro   0x000302bf       0xee ./emlib/em_cmu.o
 .debug_macro   0x000303ad       0x87 ./emlib/em_cmu.o
 .debug_macro   0x00030434      0x2ae ./emlib/em_core.o
 .debug_macro   0x000306e2       0xba ./emlib/em_core.o
 .debug_macro   0x0003079c      0x3c3 ./emlib/em_emu.o
 .debug_macro   0x00030b5f       0x52 ./emlib/em_emu.o
 .debug_macro   0x00030bb1       0x55 ./emlib/em_emu.o
 .debug_macro   0x00030c06      0x353 ./emlib/em_emu.o
 .debug_macro   0x00030f59       0xd9 ./emlib/em_emu.o
 .debug_macro   0x00031032       0x81 ./emlib/em_emu.o
 .debug_macro   0x000310b3       0xc0 ./emlib/em_emu.o
 .debug_macro   0x00031173      0x295 ./emlib/em_gpio.o
 .debug_macro   0x00031408      0x31e ./emlib/em_i2c.o
 .debug_macro   0x00031726       0x3f ./emlib/em_i2c.o
 .debug_macro   0x00031765      0x2c1 ./emlib/em_letimer.o
 .debug_macro   0x00031a26      0x2b5 ./emlib/em_leuart.o
 .debug_macro   0x00031cdb      0x283 ./emlib/em_timer.o
 .debug_macro   0x00031f5e       0x79 ./emlib/em_timer.o
 .debug_macro   0x00031fd7      0x2b4 ./src/Source_Files/HW_Delay.o
 .debug_macro   0x0003228b      0x30d ./src/Source_Files/SI7021.o
 .debug_macro   0x00032598       0x45 ./src/Source_Files/SI7021.o
 .debug_macro   0x000325dd       0x2e ./src/Source_Files/SI7021.o
 .debug_macro   0x0003260b       0x9a ./src/Source_Files/SI7021.o
 .debug_macro   0x000326a5       0x2e ./src/Source_Files/SI7021.o
 .debug_macro   0x000326d3      0x4c9 ./src/Source_Files/app.o
 .debug_macro   0x00032b9c       0x57 ./src/Source_Files/app.o
 .debug_macro   0x00032bf3       0x1c ./src/Source_Files/app.o
 .debug_macro   0x00032c0f       0x10 ./src/Source_Files/app.o
 .debug_macro   0x00032c1f       0x10 ./src/Source_Files/app.o
 .debug_macro   0x00032c2f       0xb6 ./src/Source_Files/app.o
 .debug_macro   0x00032ce5       0x16 ./src/Source_Files/app.o
 .debug_macro   0x00032cfb      0x129 ./src/Source_Files/app.o
 .debug_macro   0x00032e24       0xde ./src/Source_Files/app.o
 .debug_macro   0x00032f02       0x10 ./src/Source_Files/app.o
 .debug_macro   0x00032f12       0x10 ./src/Source_Files/app.o
 .debug_macro   0x00032f22       0x16 ./src/Source_Files/app.o
 .debug_macro   0x00032f38       0x22 ./src/Source_Files/app.o
 .debug_macro   0x00032f5a       0x10 ./src/Source_Files/app.o
 .debug_macro   0x00032f6a       0x10 ./src/Source_Files/app.o
 .debug_macro   0x00032f7a       0x46 ./src/Source_Files/app.o
 .debug_macro   0x00032fc0       0x7f ./src/Source_Files/app.o
 .debug_macro   0x0003303f       0x40 ./src/Source_Files/app.o
 .debug_macro   0x0003307f      0x467 ./src/Source_Files/ble.o
 .debug_macro   0x000334e6       0x28 ./src/Source_Files/ble.o
 .debug_macro   0x0003350e      0x2a9 ./src/Source_Files/cmu.o
 .debug_macro   0x000337b7      0x2b6 ./src/Source_Files/gpio.o
 .debug_macro   0x00033a6d      0x323 ./src/Source_Files/i2c.o
 .debug_macro   0x00033d90      0x2f7 ./src/Source_Files/letimer.o
 .debug_macro   0x00034087      0x44c ./src/Source_Files/leuart.o
 .debug_macro   0x000344d3      0x2c8 ./src/Source_Files/scheduler.o
 .debug_macro   0x0003479b      0x2c4 ./src/Source_Files/sleep_routines.o
 .debug_macro   0x00034a5f      0x4ed ./src/main.o
 .debug_macro   0x00034f4c       0x16 ./src/main.o
 .debug_macro   0x00034f62       0x97 ./src/main.o
 .debug_macro   0x00034ff9       0xf6 ./src/main.o
 .debug_macro   0x000350ef       0x16 ./src/main.o

.debug_frame    0x00000000     0x2280
 .debug_frame   0x00000000       0xc8 ./CMSIS/EFM32PG12B/system_efm32pg12b.o
 .debug_frame   0x000000c8       0x20 ./emlib/em_assert.o
 .debug_frame   0x000000e8      0x474 ./emlib/em_cmu.o
 .debug_frame   0x0000055c      0x234 ./emlib/em_core.o
 .debug_frame   0x00000790      0x400 ./emlib/em_emu.o
 .debug_frame   0x00000b90       0xc0 ./emlib/em_gpio.o
 .debug_frame   0x00000c50       0xf8 ./emlib/em_i2c.o
 .debug_frame   0x00000d48      0x124 ./emlib/em_letimer.o
 .debug_frame   0x00000e6c      0x120 ./emlib/em_leuart.o
 .debug_frame   0x00000f8c       0x84 ./emlib/em_timer.o
 .debug_frame   0x00001010       0x34 ./src/Source_Files/HW_Delay.o
 .debug_frame   0x00001044       0x68 ./src/Source_Files/SI7021.o
 .debug_frame   0x000010ac       0xf4 ./src/Source_Files/app.o
 .debug_frame   0x000011a0      0x11c ./src/Source_Files/ble.o
 .debug_frame   0x000012bc       0x2c ./src/Source_Files/cmu.o
 .debug_frame   0x000012e8       0x30 ./src/Source_Files/gpio.o
 .debug_frame   0x00001318      0x140 ./src/Source_Files/i2c.o
 .debug_frame   0x00001458       0x7c ./src/Source_Files/letimer.o
 .debug_frame   0x000014d4      0x12c ./src/Source_Files/leuart.o
 .debug_frame   0x00001600       0x74 ./src/Source_Files/scheduler.o
 .debug_frame   0x00001674       0xa8 ./src/Source_Files/sleep_routines.o
 .debug_frame   0x0000171c       0x30 ./src/main.o
 .debug_frame   0x0000174c       0xac c:/siliconlabs/simplicitystudio/v4/developer/toolchains/gnu_arm/7.2_2017q4/bin/../lib/gcc/arm-none-eabi/7.2.1/thumb/v7e-m/fpv4-sp/softfp\libgcc.a(_arm_addsubdf3.o)
 .debug_frame   0x000017f8       0x50 c:/siliconlabs/simplicitystudio/v4/developer/toolchains/gnu_arm/7.2_2017q4/bin/../lib/gcc/arm-none-eabi/7.2.1/thumb/v7e-m/fpv4-sp/softfp\libgcc.a(_arm_muldivdf3.o)
 .debug_frame   0x00001848       0x24 c:/siliconlabs/simplicitystudio/v4/developer/toolchains/gnu_arm/7.2_2017q4/bin/../lib/gcc/arm-none-eabi/7.2.1/thumb/v7e-m/fpv4-sp/softfp\libgcc.a(_arm_truncdfsf2.o)
 .debug_frame   0x0000186c       0x20 c:/siliconlabs/simplicitystudio/v4/developer/toolchains/gnu_arm/7.2_2017q4/bin/../lib/gcc/arm-none-eabi/7.2.1/../../../../arm-none-eabi/lib/thumb/v7e-m/fpv4-sp/softfp\libc_nano.a(lib_a-abs.o)
 .debug_frame   0x0000188c       0x28 c:/siliconlabs/simplicitystudio/v4/developer/toolchains/gnu_arm/7.2_2017q4/bin/../lib/gcc/arm-none-eabi/7.2.1/../../../../arm-none-eabi/lib/thumb/v7e-m/fpv4-sp/softfp\libc_nano.a(lib_a-exit.o)
 .debug_frame   0x000018b4       0x2c c:/siliconlabs/simplicitystudio/v4/developer/toolchains/gnu_arm/7.2_2017q4/bin/../lib/gcc/arm-none-eabi/7.2.1/../../../../arm-none-eabi/lib/thumb/v7e-m/fpv4-sp/softfp\libc_nano.a(lib_a-init.o)
 .debug_frame   0x000018e0       0x28 c:/siliconlabs/simplicitystudio/v4/developer/toolchains/gnu_arm/7.2_2017q4/bin/../lib/gcc/arm-none-eabi/7.2.1/../../../../arm-none-eabi/lib/thumb/v7e-m/fpv4-sp/softfp\libc_nano.a(lib_a-memcpy-stub.o)
 .debug_frame   0x00001908       0x20 c:/siliconlabs/simplicitystudio/v4/developer/toolchains/gnu_arm/7.2_2017q4/bin/../lib/gcc/arm-none-eabi/7.2.1/../../../../arm-none-eabi/lib/thumb/v7e-m/fpv4-sp/softfp\libc_nano.a(lib_a-memset.o)
 .debug_frame   0x00001928       0x90 c:/siliconlabs/simplicitystudio/v4/developer/toolchains/gnu_arm/7.2_2017q4/bin/../lib/gcc/arm-none-eabi/7.2.1/../../../../arm-none-eabi/lib/thumb/v7e-m/fpv4-sp/softfp\libc_nano.a(lib_a-nano-vfprintf_float.o)
 .debug_frame   0x000019b8       0x60 c:/siliconlabs/simplicitystudio/v4/developer/toolchains/gnu_arm/7.2_2017q4/bin/../lib/gcc/arm-none-eabi/7.2.1/../../../../arm-none-eabi/lib/thumb/v7e-m/fpv4-sp/softfp\libc_nano.a(lib_a-nano-vfprintf_i.o)
 .debug_frame   0x00001a18       0x6c c:/siliconlabs/simplicitystudio/v4/developer/toolchains/gnu_arm/7.2_2017q4/bin/../lib/gcc/arm-none-eabi/7.2.1/../../../../arm-none-eabi/lib/thumb/v7e-m/fpv4-sp/softfp\libc_nano.a(lib_a-sprintf.o)
 .debug_frame   0x00001a84       0x28 c:/siliconlabs/simplicitystudio/v4/developer/toolchains/gnu_arm/7.2_2017q4/bin/../lib/gcc/arm-none-eabi/7.2.1/../../../../arm-none-eabi/lib/thumb/v7e-m/fpv4-sp/softfp\libc_nano.a(lib_a-strcat.o)
 .debug_frame   0x00001aac       0x20 c:/siliconlabs/simplicitystudio/v4/developer/toolchains/gnu_arm/7.2_2017q4/bin/../lib/gcc/arm-none-eabi/7.2.1/../../../../arm-none-eabi/lib/thumb/v7e-m/fpv4-sp/softfp\libc_nano.a(lib_a-strcpy.o)
 .debug_frame   0x00001acc       0x6c c:/siliconlabs/simplicitystudio/v4/developer/toolchains/gnu_arm/7.2_2017q4/bin/../lib/gcc/arm-none-eabi/7.2.1/../../../../arm-none-eabi/lib/thumb/v7e-m/fpv4-sp/softfp\libc_nano.a(lib_a-dtoa.o)
 .debug_frame   0x00001b38       0x40 c:/siliconlabs/simplicitystudio/v4/developer/toolchains/gnu_arm/7.2_2017q4/bin/../lib/gcc/arm-none-eabi/7.2.1/../../../../arm-none-eabi/lib/thumb/v7e-m/fpv4-sp/softfp\libc_nano.a(lib_a-localeconv.o)
 .debug_frame   0x00001b78       0x30 c:/siliconlabs/simplicitystudio/v4/developer/toolchains/gnu_arm/7.2_2017q4/bin/../lib/gcc/arm-none-eabi/7.2.1/../../../../arm-none-eabi/lib/thumb/v7e-m/fpv4-sp/softfp\libc_nano.a(lib_a-malloc.o)
 .debug_frame   0x00001ba8      0x248 c:/siliconlabs/simplicitystudio/v4/developer/toolchains/gnu_arm/7.2_2017q4/bin/../lib/gcc/arm-none-eabi/7.2.1/../../../../arm-none-eabi/lib/thumb/v7e-m/fpv4-sp/softfp\libc_nano.a(lib_a-mprec.o)